P-ZRX/P-NODO/ORDEN-W06a.md: La suma coincide
V-ZRX/LINEO.md: La suma coincide
P-ZRX/P-DAG/CONTRATO-ESTADO-DAG-v0.md: La suma coincide
P-ZRX/P-TRANSICION/CONTRATO-v0.md: La suma coincide
P-ZRX/P-FORMATO/FORMATO-v0.md: La suma coincide
P-ZRX/P-NODO/PLAN-W06.md: La suma coincide
P-ZRX/P-TRANSICION/REVISION-W03.md: La suma coincide
P-ZRX/P-DAG/REVISION-W05a.md: La suma coincide
P-ZRX/P-FORMATO/REVISION-W02b.md: La suma coincide
P-ZRX/P-DAG/REVISION-T04-B.md: La suma coincide
P-ZRX/P-DAG/REVISION-T04-C.md: La suma coincide
P-ZRX/P-REVISION-CODIGO/REVISION-RI-1a.md: La suma coincide
P-ZRX/P-DAG/T04/resultados/vectores-estado-dag-v0.2.txt: La suma coincide
P-ZRX/P-DAG/T04/resultados/cobertura-v0.2.txt: La suma coincide
P-ZRX/P-DAG/T04/src/dirigidos.jl: La suma coincide
P-ZRX/P-DAG/T04/src/EstadoDAG.jl: La suma coincide
P-ZRX/P-DAG/T04/src/GDR.jl: La suma coincide
P-ZRX/P-DAG/T04/src/generadores.jl: La suma coincide
P-ZRX/P-DAG/T04/src/lector_vectores.jl: La suma coincide
P-ZRX/P-DAG/T04/src/modelo.jl: La suma coincide
P-ZRX/P-DAG/T04/src/propiedades.jl: La suma coincide
P-ZRX/P-DAG/T04/src/referencia.jl: La suma coincide
P-ZRX/P-DAG/T04/src/revalidacion_gdr.jl: La suma coincide
