zx-adversario: marcando /ip4/127.0.0.1/tcp/41602 ...
zx-adversario: conectado a 12D3KooWAixurfdB5o35mLxQDRoPc6vxEeN3HcqeuCdYtwyJJCgk
zx-adversario: objetivo declara altura PoW 31 fase Post
--- E-7 ráfaga de huérfanos (256 padres inexistentes) (256 mensaje(s)) ---
  difundido (pow): RECHAZADO localmente: no se pudo levantar el transporte: gossipsub rechazó la publicación local
  difundido (pow): RECHAZADO localmente: no se pudo levantar el transporte: gossipsub rechazó la publicación local
  difundido (pow): RECHAZADO localmente: no se pudo levantar el transporte: gossipsub rechazó la publicación local
  difundido (pow): RECHAZADO localmente: no se pudo levantar el transporte: gossipsub rechazó la publicación local
  difundido (pow): RECHAZADO localmente: no se pudo levantar el transporte: gossipsub rechazó la publicación local
  difundido (pow): RECHAZADO localmente: no se pudo levantar el transporte: gossipsub rechazó la publicación local
  difundido (pow): RECHAZADO localmente: no se pudo levantar el transporte: gossipsub rechazó la publicación local
  difundido (pow): RECHAZADO localmente: no se pudo levantar el transporte: gossipsub rechazó la publicación local
  difundido (pow): RECHAZADO localmente: no se pudo levantar el transporte: gossipsub rechazó la publicación local
  difundido (pow): RECHAZADO localmente: no se pudo levantar el transporte: gossipsub rechazó la publicación local
  difundido (pow): RECHAZADO localmente: no se pudo levantar el transporte: gossipsub rechazó la publicación local
  difundido (pow): RECHAZADO localmente: no se pudo levantar el transporte: gossipsub rechazó la publicación local
  difundido (pow): RECHAZADO localmente: no se pudo levantar el transporte: gossipsub rechazó la publicación local
  difundido (pow): RECHAZADO localmente: no se pudo levantar el transporte: gossipsub rechazó la publicación local
  difundido (pow): RECHAZADO localmente: no se pudo levantar el transporte: gossipsub rechazó la publicación local
  difundido (pow): RECHAZADO localmente: no se pudo levantar el transporte: gossipsub rechazó la publicación local
  difundido (pow): RECHAZADO localmente: no se pudo levantar el transporte: gossipsub rechazó la publicación local
  difundido (pow): RECHAZADO localmente: no se pudo levantar el transporte: gossipsub rechazó la publicación local
  difundido (pow): RECHAZADO localmente: no se pudo levantar el transporte: gossipsub rechazó la publicación local
  difundido (pow): RECHAZADO localmente: no se pudo levantar el transporte: gossipsub rechazó la publicación local
  difundido (pow): RECHAZADO localmente: no se pudo levantar el transporte: gossipsub rechazó la publicación local
  difundido (pow): RECHAZADO localmente: no se pudo levantar el transporte: gossipsub rechazó la publicación local
  difundido (pow): RECHAZADO localmente: no se pudo levantar el transporte: gossipsub rechazó la publicación local
  difundido (pow): RECHAZADO localmente: no se pudo levantar el transporte: gossipsub rechazó la publicación local
  difundido (pow): RECHAZADO localmente: no se pudo levantar el transporte: gossipsub rechazó la publicación local
  difundido (pow): RECHAZADO localmente: no se pudo levantar el transporte: gossipsub rechazó la publicación local
  difundido (pow): RECHAZADO localmente: no se pudo levantar el transporte: gossipsub rechazó la publicación local
  difundido (pow): RECHAZADO localmente: no se pudo levantar el transporte: gossipsub rechazó la publicación local
  difundido (pow): RECHAZADO localmente: no se pudo levantar el transporte: gossipsub rechazó la publicación local
  difundido (pow): RECHAZADO localmente: no se pudo levantar el transporte: gossipsub rechazó la publicación local
  difundido (pow): RECHAZADO localmente: no se pudo levantar el transporte: gossipsub rechazó la publicación local
  difundido (pow): RECHAZADO localmente: no se pudo levantar el transporte: gossipsub rechazó la publicación local
  difundido (pow): RECHAZADO localmente: no se pudo levantar el transporte: gossipsub rechazó la publicación local
  difundido (pow): RECHAZADO localmente: no se pudo levantar el transporte: gossipsub rechazó la publicación local
  difundido (pow): RECHAZADO localmente: no se pudo levantar el transporte: gossipsub rechazó la publicación local
  difundido (pow): RECHAZADO localmente: no se pudo levantar el transporte: gossipsub rechazó la publicación local
  difundido (pow): RECHAZADO localmente: no se pudo levantar el transporte: gossipsub rechazó la publicación local
  difundido (pow): RECHAZADO localmente: no se pudo levantar el transporte: gossipsub rechazó la publicación local
  difundido (pow): RECHAZADO localmente: no se pudo levantar el transporte: gossipsub rechazó la publicación local
  difundido (pow): RECHAZADO localmente: no se pudo levantar el transporte: gossipsub rechazó la publicación local
  difundido (pow): RECHAZADO localmente: no se pudo levantar el transporte: gossipsub rechazó la publicación local
  difundido (pow): RECHAZADO localmente: no se pudo levantar el transporte: gossipsub rechazó la publicación local
  difundido (pow): RECHAZADO localmente: no se pudo levantar el transporte: gossipsub rechazó la publicación local
  difundido (pow): RECHAZADO localmente: no se pudo levantar el transporte: gossipsub rechazó la publicación local
  difundido (pow): RECHAZADO localmente: no se pudo levantar el transporte: gossipsub rechazó la publicación local
  difundido (pow): RECHAZADO localmente: no se pudo levantar el transporte: gossipsub rechazó la publicación local
  difundido (pow): RECHAZADO localmente: no se pudo levantar el transporte: gossipsub rechazó la publicación local
  difundido (pow): RECHAZADO localmente: no se pudo levantar el transporte: gossipsub rechazó la publicación local
  difundido (pow): RECHAZADO localmente: no se pudo levantar el transporte: gossipsub rechazó la publicación local
  difundido (pow): RECHAZADO localmente: no se pudo levantar el transporte: gossipsub rechazó la publicación local
  difundido (pow): RECHAZADO localmente: no se pudo levantar el transporte: gossipsub rechazó la publicación local
  difundido (pow): RECHAZADO localmente: no se pudo levantar el transporte: gossipsub rechazó la publicación local
  difundido (pow): RECHAZADO localmente: no se pudo levantar el transporte: gossipsub rechazó la publicación local
  difundido (pow): RECHAZADO localmente: no se pudo levantar el transporte: gossipsub rechazó la publicación local
  difundido (pow): RECHAZADO localmente: no se pudo levantar el transporte: gossipsub rechazó la publicación local
  difundido (pow): RECHAZADO localmente: no se pudo levantar el transporte: gossipsub rechazó la publicación local
  difundido (pow): RECHAZADO localmente: no se pudo levantar el transporte: gossipsub rechazó la publicación local
  difundido (pow): RECHAZADO localmente: no se pudo levantar el transporte: gossipsub rechazó la publicación local
  difundido (pow): RECHAZADO localmente: no se pudo levantar el transporte: gossipsub rechazó la publicación local
  difundido (pow): RECHAZADO localmente: no se pudo levantar el transporte: gossipsub rechazó la publicación local
  difundido (pow): RECHAZADO localmente: no se pudo levantar el transporte: gossipsub rechazó la publicación local
  difundido (pow): RECHAZADO localmente: no se pudo levantar el transporte: gossipsub rechazó la publicación local
  difundido (pow): RECHAZADO localmente: no se pudo levantar el transporte: gossipsub rechazó la publicación local
  difundido (pow): RECHAZADO localmente: no se pudo levantar el transporte: gossipsub rechazó la publicación local
  difundido (pow): RECHAZADO localmente: no se pudo levantar el transporte: gossipsub rechazó la publicación local
  difundido (pow): RECHAZADO localmente: no se pudo levantar el transporte: gossipsub rechazó la publicación local
  difundido (pow): RECHAZADO localmente: no se pudo levantar el transporte: gossipsub rechazó la publicación local
  difundido (pow): RECHAZADO localmente: no se pudo levantar el transporte: gossipsub rechazó la publicación local
  difundido (pow): RECHAZADO localmente: no se pudo levantar el transporte: gossipsub rechazó la publicación local
  difundido (pow): RECHAZADO localmente: no se pudo levantar el transporte: gossipsub rechazó la publicación local
  difundido (pow): RECHAZADO localmente: no se pudo levantar el transporte: gossipsub rechazó la publicación local
  difundido (pow): RECHAZADO localmente: no se pudo levantar el transporte: gossipsub rechazó la publicación local
  difundido (pow): RECHAZADO localmente: no se pudo levantar el transporte: gossipsub rechazó la publicación local
  difundido (pow): RECHAZADO localmente: no se pudo levantar el transporte: gossipsub rechazó la publicación local
  difundido (pow): RECHAZADO localmente: no se pudo levantar el transporte: gossipsub rechazó la publicación local
  difundido (pow): RECHAZADO localmente: no se pudo levantar el transporte: gossipsub rechazó la publicación local
  difundido (pow): RECHAZADO localmente: no se pudo levantar el transporte: gossipsub rechazó la publicación local
  difundido (pow): RECHAZADO localmente: no se pudo levantar el transporte: gossipsub rechazó la publicación local
  difundido (pow): RECHAZADO localmente: no se pudo levantar el transporte: gossipsub rechazó la publicación local
  difundido (pow): RECHAZADO localmente: no se pudo levantar el transporte: gossipsub rechazó la publicación local
  difundido (pow): RECHAZADO localmente: no se pudo levantar el transporte: gossipsub rechazó la publicación local
  difundido (pow): RECHAZADO localmente: no se pudo levantar el transporte: gossipsub rechazó la publicación local
  difundido (pow): RECHAZADO localmente: no se pudo levantar el transporte: gossipsub rechazó la publicación local
  difundido (pow): RECHAZADO localmente: no se pudo levantar el transporte: gossipsub rechazó la publicación local
  difundido (pow): RECHAZADO localmente: no se pudo levantar el transporte: gossipsub rechazó la publicación local
  difundido (pow): RECHAZADO localmente: no se pudo levantar el transporte: gossipsub rechazó la publicación local
  difundido (pow): RECHAZADO localmente: no se pudo levantar el transporte: gossipsub rechazó la publicación local
  difundido (pow): RECHAZADO localmente: no se pudo levantar el transporte: gossipsub rechazó la publicación local
  difundido (pow): RECHAZADO localmente: no se pudo levantar el transporte: gossipsub rechazó la publicación local
  difundido (pow): RECHAZADO localmente: no se pudo levantar el transporte: gossipsub rechazó la publicación local
  difundido (pow): RECHAZADO localmente: no se pudo levantar el transporte: gossipsub rechazó la publicación local
  difundido (pow): RECHAZADO localmente: no se pudo levantar el transporte: gossipsub rechazó la publicación local
  difundido (pow): RECHAZADO localmente: no se pudo levantar el transporte: gossipsub rechazó la publicación local
  difundido (pow): RECHAZADO localmente: no se pudo levantar el transporte: gossipsub rechazó la publicación local
  difundido (pow): RECHAZADO localmente: no se pudo levantar el transporte: gossipsub rechazó la publicación local
  difundido (pow): RECHAZADO localmente: no se pudo levantar el transporte: gossipsub rechazó la publicación local
  difundido (pow): RECHAZADO localmente: no se pudo levantar el transporte: gossipsub rechazó la publicación local
  difundido (pow): RECHAZADO localmente: no se pudo levantar el transporte: gossipsub rechazó la publicación local
  difundido (pow): RECHAZADO localmente: no se pudo levantar el transporte: gossipsub rechazó la publicación local
  difundido (pow): RECHAZADO localmente: no se pudo levantar el transporte: gossipsub rechazó la publicación local
  difundido (pow): RECHAZADO localmente: no se pudo levantar el transporte: gossipsub rechazó la publicación local
  difundido (pow): RECHAZADO localmente: no se pudo levantar el transporte: gossipsub rechazó la publicación local
  difundido (pow): RECHAZADO localmente: no se pudo levantar el transporte: gossipsub rechazó la publicación local
  difundido (pow): RECHAZADO localmente: no se pudo levantar el transporte: gossipsub rechazó la publicación local
  difundido (pow): RECHAZADO localmente: no se pudo levantar el transporte: gossipsub rechazó la publicación local
  difundido (pow): RECHAZADO localmente: no se pudo levantar el transporte: gossipsub rechazó la publicación local
  difundido (pow): RECHAZADO localmente: no se pudo levantar el transporte: gossipsub rechazó la publicación local
  difundido (pow): RECHAZADO localmente: no se pudo levantar el transporte: gossipsub rechazó la publicación local
  difundido (pow): RECHAZADO localmente: no se pudo levantar el transporte: gossipsub rechazó la publicación local
  difundido (pow): RECHAZADO localmente: no se pudo levantar el transporte: gossipsub rechazó la publicación local
  difundido (pow): RECHAZADO localmente: no se pudo levantar el transporte: gossipsub rechazó la publicación local
  difundido (pow): RECHAZADO localmente: no se pudo levantar el transporte: gossipsub rechazó la publicación local
  difundido (pow): RECHAZADO localmente: no se pudo levantar el transporte: gossipsub rechazó la publicación local
  difundido (pow): RECHAZADO localmente: no se pudo levantar el transporte: gossipsub rechazó la publicación local
  difundido (pow): RECHAZADO localmente: no se pudo levantar el transporte: gossipsub rechazó la publicación local
  difundido (pow): RECHAZADO localmente: no se pudo levantar el transporte: gossipsub rechazó la publicación local
  difundido (pow): RECHAZADO localmente: no se pudo levantar el transporte: gossipsub rechazó la publicación local
  difundido (pow): RECHAZADO localmente: no se pudo levantar el transporte: gossipsub rechazó la publicación local
  difundido (pow): RECHAZADO localmente: no se pudo levantar el transporte: gossipsub rechazó la publicación local
  difundido (pow): RECHAZADO localmente: no se pudo levantar el transporte: gossipsub rechazó la publicación local
  difundido (pow): RECHAZADO localmente: no se pudo levantar el transporte: gossipsub rechazó la publicación local
  difundido (pow): RECHAZADO localmente: no se pudo levantar el transporte: gossipsub rechazó la publicación local
  difundido (pow): RECHAZADO localmente: no se pudo levantar el transporte: gossipsub rechazó la publicación local
  difundido (pow): RECHAZADO localmente: no se pudo levantar el transporte: gossipsub rechazó la publicación local
  difundido (pow): RECHAZADO localmente: no se pudo levantar el transporte: gossipsub rechazó la publicación local
  difundido (pow): RECHAZADO localmente: no se pudo levantar el transporte: gossipsub rechazó la publicación local
  difundido (pow): RECHAZADO localmente: no se pudo levantar el transporte: gossipsub rechazó la publicación local
  difundido (pow): RECHAZADO localmente: no se pudo levantar el transporte: gossipsub rechazó la publicación local
  difundido (pow): RECHAZADO localmente: no se pudo levantar el transporte: gossipsub rechazó la publicación local
  difundido (pow): RECHAZADO localmente: no se pudo levantar el transporte: gossipsub rechazó la publicación local
  difundido (pow): RECHAZADO localmente: no se pudo levantar el transporte: gossipsub rechazó la publicación local
  difundido (pow): RECHAZADO localmente: no se pudo levantar el transporte: gossipsub rechazó la publicación local
  difundido (pow): RECHAZADO localmente: no se pudo levantar el transporte: gossipsub rechazó la publicación local
  difundido (pow): RECHAZADO localmente: no se pudo levantar el transporte: gossipsub rechazó la publicación local
  difundido (pow): RECHAZADO localmente: no se pudo levantar el transporte: gossipsub rechazó la publicación local
  difundido (pow): RECHAZADO localmente: no se pudo levantar el transporte: gossipsub rechazó la publicación local
  difundido (pow): RECHAZADO localmente: no se pudo levantar el transporte: gossipsub rechazó la publicación local
  difundido (pow): RECHAZADO localmente: no se pudo levantar el transporte: gossipsub rechazó la publicación local
  difundido (pow): RECHAZADO localmente: no se pudo levantar el transporte: gossipsub rechazó la publicación local
  difundido (pow): RECHAZADO localmente: no se pudo levantar el transporte: gossipsub rechazó la publicación local
  difundido (pow): RECHAZADO localmente: no se pudo levantar el transporte: gossipsub rechazó la publicación local
  difundido (pow): RECHAZADO localmente: no se pudo levantar el transporte: gossipsub rechazó la publicación local
  difundido (pow): RECHAZADO localmente: no se pudo levantar el transporte: gossipsub rechazó la publicación local
  difundido (pow): RECHAZADO localmente: no se pudo levantar el transporte: gossipsub rechazó la publicación local
  difundido (pow): RECHAZADO localmente: no se pudo levantar el transporte: gossipsub rechazó la publicación local
  difundido (pow): RECHAZADO localmente: no se pudo levantar el transporte: gossipsub rechazó la publicación local
  difundido (pow): RECHAZADO localmente: no se pudo levantar el transporte: gossipsub rechazó la publicación local
  difundido (pow): RECHAZADO localmente: no se pudo levantar el transporte: gossipsub rechazó la publicación local
  difundido (pow): RECHAZADO localmente: no se pudo levantar el transporte: gossipsub rechazó la publicación local
  difundido (pow): RECHAZADO localmente: no se pudo levantar el transporte: gossipsub rechazó la publicación local
  difundido (pow): RECHAZADO localmente: no se pudo levantar el transporte: gossipsub rechazó la publicación local
  difundido (pow): RECHAZADO localmente: no se pudo levantar el transporte: gossipsub rechazó la publicación local
  difundido (pow): RECHAZADO localmente: no se pudo levantar el transporte: gossipsub rechazó la publicación local
  difundido (pow): RECHAZADO localmente: no se pudo levantar el transporte: gossipsub rechazó la publicación local
  difundido (pow): RECHAZADO localmente: no se pudo levantar el transporte: gossipsub rechazó la publicación local
  difundido (pow): RECHAZADO localmente: no se pudo levantar el transporte: gossipsub rechazó la publicación local
  difundido (pow): RECHAZADO localmente: no se pudo levantar el transporte: gossipsub rechazó la publicación local
  difundido (pow): RECHAZADO localmente: no se pudo levantar el transporte: gossipsub rechazó la publicación local
  difundido (pow): RECHAZADO localmente: no se pudo levantar el transporte: gossipsub rechazó la publicación local
  difundido (pow): RECHAZADO localmente: no se pudo levantar el transporte: gossipsub rechazó la publicación local
  difundido (pow): RECHAZADO localmente: no se pudo levantar el transporte: gossipsub rechazó la publicación local
  difundido (pow): RECHAZADO localmente: no se pudo levantar el transporte: gossipsub rechazó la publicación local
  difundido (pow): RECHAZADO localmente: no se pudo levantar el transporte: gossipsub rechazó la publicación local
  difundido (pow): RECHAZADO localmente: no se pudo levantar el transporte: gossipsub rechazó la publicación local
  difundido (pow): RECHAZADO localmente: no se pudo levantar el transporte: gossipsub rechazó la publicación local
  difundido (pow): RECHAZADO localmente: no se pudo levantar el transporte: gossipsub rechazó la publicación local
  difundido (pow): RECHAZADO localmente: no se pudo levantar el transporte: gossipsub rechazó la publicación local
  difundido (pow): RECHAZADO localmente: no se pudo levantar el transporte: gossipsub rechazó la publicación local
  difundido (pow): RECHAZADO localmente: no se pudo levantar el transporte: gossipsub rechazó la publicación local
  difundido (pow): RECHAZADO localmente: no se pudo levantar el transporte: gossipsub rechazó la publicación local
  difundido (pow): RECHAZADO localmente: no se pudo levantar el transporte: gossipsub rechazó la publicación local
  difundido (pow): RECHAZADO localmente: no se pudo levantar el transporte: gossipsub rechazó la publicación local
  difundido (pow): RECHAZADO localmente: no se pudo levantar el transporte: gossipsub rechazó la publicación local
  difundido (pow): RECHAZADO localmente: no se pudo levantar el transporte: gossipsub rechazó la publicación local
  difundido (pow): RECHAZADO localmente: no se pudo levantar el transporte: gossipsub rechazó la publicación local
  difundido (pow): RECHAZADO localmente: no se pudo levantar el transporte: gossipsub rechazó la publicación local
  difundido (pow): RECHAZADO localmente: no se pudo levantar el transporte: gossipsub rechazó la publicación local
  difundido (pow): RECHAZADO localmente: no se pudo levantar el transporte: gossipsub rechazó la publicación local
  difundido (pow): RECHAZADO localmente: no se pudo levantar el transporte: gossipsub rechazó la publicación local
  difundido (pow): RECHAZADO localmente: no se pudo levantar el transporte: gossipsub rechazó la publicación local
  difundido (pow): RECHAZADO localmente: no se pudo levantar el transporte: gossipsub rechazó la publicación local
  difundido (pow): RECHAZADO localmente: no se pudo levantar el transporte: gossipsub rechazó la publicación local
  difundido (pow): RECHAZADO localmente: no se pudo levantar el transporte: gossipsub rechazó la publicación local
  difundido (pow): RECHAZADO localmente: no se pudo levantar el transporte: gossipsub rechazó la publicación local
  difundido (pow): RECHAZADO localmente: no se pudo levantar el transporte: gossipsub rechazó la publicación local
  difundido (pow): RECHAZADO localmente: no se pudo levantar el transporte: gossipsub rechazó la publicación local
  difundido (pow): RECHAZADO localmente: no se pudo levantar el transporte: gossipsub rechazó la publicación local
  difundido (pow): RECHAZADO localmente: no se pudo levantar el transporte: gossipsub rechazó la publicación local
  difundido (pow): RECHAZADO localmente: no se pudo levantar el transporte: gossipsub rechazó la publicación local
  difundido (pow): RECHAZADO localmente: no se pudo levantar el transporte: gossipsub rechazó la publicación local
  difundido (pow): RECHAZADO localmente: no se pudo levantar el transporte: gossipsub rechazó la publicación local
  difundido (pow): RECHAZADO localmente: no se pudo levantar el transporte: gossipsub rechazó la publicación local
  difundido (pow): RECHAZADO localmente: no se pudo levantar el transporte: gossipsub rechazó la publicación local
  difundido (pow): RECHAZADO localmente: no se pudo levantar el transporte: gossipsub rechazó la publicación local
  difundido (pow): RECHAZADO localmente: no se pudo levantar el transporte: gossipsub rechazó la publicación local
  difundido (pow): RECHAZADO localmente: no se pudo levantar el transporte: gossipsub rechazó la publicación local
  difundido (pow): RECHAZADO localmente: no se pudo levantar el transporte: gossipsub rechazó la publicación local
  difundido (pow): RECHAZADO localmente: no se pudo levantar el transporte: gossipsub rechazó la publicación local
  difundido (pow): RECHAZADO localmente: no se pudo levantar el transporte: gossipsub rechazó la publicación local
  difundido (pow): RECHAZADO localmente: no se pudo levantar el transporte: gossipsub rechazó la publicación local
  difundido (pow): RECHAZADO localmente: no se pudo levantar el transporte: gossipsub rechazó la publicación local
  difundido (pow): RECHAZADO localmente: no se pudo levantar el transporte: gossipsub rechazó la publicación local
  difundido (pow): RECHAZADO localmente: no se pudo levantar el transporte: gossipsub rechazó la publicación local
  difundido (pow): RECHAZADO localmente: no se pudo levantar el transporte: gossipsub rechazó la publicación local
  difundido (pow): RECHAZADO localmente: no se pudo levantar el transporte: gossipsub rechazó la publicación local
  difundido (pow): RECHAZADO localmente: no se pudo levantar el transporte: gossipsub rechazó la publicación local
  difundido (pow): RECHAZADO localmente: no se pudo levantar el transporte: gossipsub rechazó la publicación local
  difundido (pow): RECHAZADO localmente: no se pudo levantar el transporte: gossipsub rechazó la publicación local
  difundido (pow): RECHAZADO localmente: no se pudo levantar el transporte: gossipsub rechazó la publicación local
  difundido (pow): RECHAZADO localmente: no se pudo levantar el transporte: gossipsub rechazó la publicación local
  difundido (pow): RECHAZADO localmente: no se pudo levantar el transporte: gossipsub rechazó la publicación local
  difundido (pow): RECHAZADO localmente: no se pudo levantar el transporte: gossipsub rechazó la publicación local
  difundido (pow): RECHAZADO localmente: no se pudo levantar el transporte: gossipsub rechazó la publicación local
  difundido (pow): RECHAZADO localmente: no se pudo levantar el transporte: gossipsub rechazó la publicación local
  difundido (pow): RECHAZADO localmente: no se pudo levantar el transporte: gossipsub rechazó la publicación local
  difundido (pow): RECHAZADO localmente: no se pudo levantar el transporte: gossipsub rechazó la publicación local
  difundido (pow): RECHAZADO localmente: no se pudo levantar el transporte: gossipsub rechazó la publicación local
  difundido (pow): RECHAZADO localmente: no se pudo levantar el transporte: gossipsub rechazó la publicación local
  difundido (pow): RECHAZADO localmente: no se pudo levantar el transporte: gossipsub rechazó la publicación local
  difundido (pow): RECHAZADO localmente: no se pudo levantar el transporte: gossipsub rechazó la publicación local
  difundido (pow): RECHAZADO localmente: no se pudo levantar el transporte: gossipsub rechazó la publicación local
  difundido (pow): RECHAZADO localmente: no se pudo levantar el transporte: gossipsub rechazó la publicación local
  difundido (pow): RECHAZADO localmente: no se pudo levantar el transporte: gossipsub rechazó la publicación local
  difundido (pow): RECHAZADO localmente: no se pudo levantar el transporte: gossipsub rechazó la publicación local
  difundido (pow): RECHAZADO localmente: no se pudo levantar el transporte: gossipsub rechazó la publicación local
  difundido (pow): RECHAZADO localmente: no se pudo levantar el transporte: gossipsub rechazó la publicación local
  difundido (pow): RECHAZADO localmente: no se pudo levantar el transporte: gossipsub rechazó la publicación local
  difundido (pow): RECHAZADO localmente: no se pudo levantar el transporte: gossipsub rechazó la publicación local
  difundido (pow): RECHAZADO localmente: no se pudo levantar el transporte: gossipsub rechazó la publicación local
  difundido (pow): RECHAZADO localmente: no se pudo levantar el transporte: gossipsub rechazó la publicación local
  difundido (pow): RECHAZADO localmente: no se pudo levantar el transporte: gossipsub rechazó la publicación local
  difundido (pow): RECHAZADO localmente: no se pudo levantar el transporte: gossipsub rechazó la publicación local
  difundido (pow): RECHAZADO localmente: no se pudo levantar el transporte: gossipsub rechazó la publicación local
  difundido (pow): RECHAZADO localmente: no se pudo levantar el transporte: gossipsub rechazó la publicación local
  difundido (pow): RECHAZADO localmente: no se pudo levantar el transporte: gossipsub rechazó la publicación local
  difundido (pow): RECHAZADO localmente: no se pudo levantar el transporte: gossipsub rechazó la publicación local
  difundido (pow): RECHAZADO localmente: no se pudo levantar el transporte: gossipsub rechazó la publicación local
  difundido (pow): RECHAZADO localmente: no se pudo levantar el transporte: gossipsub rechazó la publicación local
  difundido (pow): RECHAZADO localmente: no se pudo levantar el transporte: gossipsub rechazó la publicación local
  difundido (pow): RECHAZADO localmente: no se pudo levantar el transporte: gossipsub rechazó la publicación local
  difundido (pow): RECHAZADO localmente: no se pudo levantar el transporte: gossipsub rechazó la publicación local
  difundido (pow): RECHAZADO localmente: no se pudo levantar el transporte: gossipsub rechazó la publicación local
  difundido (pow): RECHAZADO localmente: no se pudo levantar el transporte: gossipsub rechazó la publicación local
  difundido (pow): RECHAZADO localmente: no se pudo levantar el transporte: gossipsub rechazó la publicación local
  difundido (pow): RECHAZADO localmente: no se pudo levantar el transporte: gossipsub rechazó la publicación local
  difundido (pow): RECHAZADO localmente: no se pudo levantar el transporte: gossipsub rechazó la publicación local
  difundido (pow): RECHAZADO localmente: no se pudo levantar el transporte: gossipsub rechazó la publicación local
  difundido (pow): RECHAZADO localmente: no se pudo levantar el transporte: gossipsub rechazó la publicación local
  difundido (pow): RECHAZADO localmente: no se pudo levantar el transporte: gossipsub rechazó la publicación local
  difundido (pow): RECHAZADO localmente: no se pudo levantar el transporte: gossipsub rechazó la publicación local
  difundido (pow): RECHAZADO localmente: no se pudo levantar el transporte: gossipsub rechazó la publicación local
  difundido (pow): RECHAZADO localmente: no se pudo levantar el transporte: gossipsub rechazó la publicación local
  difundido (pow): RECHAZADO localmente: no se pudo levantar el transporte: gossipsub rechazó la publicación local
  difundido (pow): RECHAZADO localmente: no se pudo levantar el transporte: gossipsub rechazó la publicación local
  difundido (pow): RECHAZADO localmente: no se pudo levantar el transporte: gossipsub rechazó la publicación local
  difundido (pow): RECHAZADO localmente: no se pudo levantar el transporte: gossipsub rechazó la publicación local
  el objetivo CORTÓ la conexión tras este escenario
--- E-7 PoST con PoAS/PoT/sello malos (padre = terminal real del objetivo) (1 mensaje(s)) ---
  difundido (post): RECHAZADO localmente: no se pudo levantar el transporte: gossipsub rechazó la publicación local
  la conexión sigue viva tras este escenario
--- E-8 equivocación: dos bloques distintos del mismo slot (limitado: ver docstring) (2 mensaje(s)) ---
  difundido (post): RECHAZADO localmente: no se pudo levantar el transporte: gossipsub rechazó la publicación local
  difundido (post): RECHAZADO localmente: no se pudo levantar el transporte: gossipsub rechazó la publicación local
  la conexión sigue viva tras este escenario
--- E-7 PoW nonce malo (1 mensaje(s)) ---
  difundido (pow): RECHAZADO localmente: no se pudo levantar el transporte: gossipsub rechazó la publicación local
  la conexión sigue viva tras este escenario
zx-adversario: E-7 coinbase excesiva OMITIDO (no se encontró nonce PoW real en el presupuesto de esta herramienta; no se manda un PoW falso)
zx-adversario: fin. Respuestas de sincronización recibidas: 0. El veredicto de fondo de cada envío se lee en el registro del objetivo.
