== P-TASA tasa-identidad-v1 ==
julia 1.13.0 · hilos 4 · semilla 1413567297
CPU: znver5 · RAM GiB: 123
símbolos: λ=1.0 I=1.0 Pwin=1.0 Th=1.0 c_b=0.0 κq=0.1 ρ_ret=0.5 Tv=3600.0 c_r=10.0 M=20.0 n_extra=1
L_p = 1830.0
escrito: resultados/F1-variantes.tsv (3 filas)
escrito: resultados/F2a-igual-espacio.tsv (7 filas)
escrito: resultados/F2c-tau-minimo.tsv (35 filas)
escrito: resultados/F2d-coste-vias.tsv (30 filas)
escrito: resultados/F3a-particion.tsv (504 filas)
escrito: resultados/F3b-rotacion.tsv (27 filas)
escrito: resultados/F3c-revive.tsv (7 filas)
escrito: resultados/F4a-regresividad.tsv (49 filas)
escrito: resultados/F4b-dicotomia.tsv (32 filas)
escrito: resultados/F4c-tope.tsv (24 filas)
escrito: resultados/F5a-unidad.tsv (4 filas)
escrito: resultados/F5b-computo.tsv (6 filas)
escrito: resultados/F5c-recurrencia.tsv (6 filas)
L_p usado (símbolo declarado): 1830.0
escrito: resultados/F6-veredicto.tsv (5 filas)
escrito: resultados/V1-pareto-riemann.tsv (36 filas)
escrito: resultados/V2-mc-exacto.tsv (4 filas)
escrito: resultados/V3-reclutamiento.tsv (201 filas)
== fin ==
