MODO	HILOS	REP	SEGUNDOS	TABLAS	tablas_por_s	ms_por_tabla	rss_pico_kb	uj
single	1	0	12	15	1.224393	816.731297	4396	no_leible
single	1	1	12	15	1.217946	821.054220	6868	no_leible
single	1	2	12	16	1.324264	755.136514	6868	no_leible
# MEDIANA	single	1	tablas_por_s=1.224393	ms_por_tabla=816.731297
MODO	HILOS	REP	SEGUNDOS	TABLAS	tablas_por_s	ms_por_tabla	rss_pico_kb	uj
parallel	1	0	12	16	1.298440	770.154686	2948	no_leible
parallel	1	1	12	16	1.321498	756.716819	6728	no_leible
parallel	1	2	12	15	1.205700	829.393372	6728	no_leible
# MEDIANA	parallel	1	tablas_por_s=1.298440	ms_por_tabla=770.154686
MODO	HILOS	REP	SEGUNDOS	TABLAS	tablas_por_s	ms_por_tabla	rss_pico_kb	uj
single	2	0	12	28	2.201339	454.268988	5852	no_leible
single	2	1	12	29	2.277947	438.991794	10796	no_leible
single	2	2	12	30	2.385467	419.205056	10796	no_leible
# MEDIANA	single	2	tablas_por_s=2.277947	ms_por_tabla=438.991794
MODO	HILOS	REP	SEGUNDOS	TABLAS	tablas_por_s	ms_por_tabla	rss_pico_kb	uj
parallel	2	0	12	27	2.246589	445.119167	2988	no_leible
parallel	2	1	12	29	2.363517	423.098289	6828	no_leible
parallel	2	2	12	25	2.070295	483.022898	6828	no_leible
# MEDIANA	parallel	2	tablas_por_s=2.246589	ms_por_tabla=445.119167
MODO	HILOS	REP	SEGUNDOS	TABLAS	tablas_por_s	ms_por_tabla	rss_pico_kb	uj
single	4	0	12	52	4.230099	236.401068	8776	no_leible
single	4	1	12	56	4.437585	225.347786	18668	no_leible
single	4	2	12	55	4.291152	233.037664	18668	no_leible
# MEDIANA	single	4	tablas_por_s=4.291152	ms_por_tabla=233.037664
MODO	HILOS	REP	SEGUNDOS	TABLAS	tablas_por_s	ms_por_tabla	rss_pico_kb	uj
parallel	4	0	12	49	4.081442	245.011439	3124	no_leible
parallel	4	1	12	46	3.781335	264.456879	6900	no_leible
parallel	4	2	12	42	3.477313	287.578377	6900	no_leible
# MEDIANA	parallel	4	tablas_por_s=3.781335	ms_por_tabla=264.456879
MODO	HILOS	REP	SEGUNDOS	TABLAS	tablas_por_s	ms_por_tabla	rss_pico_kb	uj
single	8	0	12	101	7.944709	125.869933	14656	no_leible
single	8	1	12	103	8.025117	124.608769	34432	no_leible
single	8	2	12	99	7.705300	129.780793	34432	no_leible
# MEDIANA	single	8	tablas_por_s=7.944709	ms_por_tabla=125.869933
MODO	HILOS	REP	SEGUNDOS	TABLAS	tablas_por_s	ms_por_tabla	rss_pico_kb	uj
parallel	8	0	12	76	6.275663	159.345718	3268	no_leible
parallel	8	1	12	71	5.848277	170.990532	7108	no_leible
parallel	8	2	12	64	5.290261	189.026587	7108	no_leible
# MEDIANA	parallel	8	tablas_por_s=5.848277	ms_por_tabla=170.990532
MODO	HILOS	REP	SEGUNDOS	TABLAS	tablas_por_s	ms_por_tabla	rss_pico_kb	uj
single	16	0	12	190	14.716635	67.950314	26356	no_leible
single	16	1	12	195	15.193292	65.818520	69160	no_leible
single	16	2	12	191	14.822082	67.466907	69160	no_leible
# MEDIANA	single	16	tablas_por_s=14.822082	ms_por_tabla=67.466907
MODO	HILOS	REP	SEGUNDOS	TABLAS	tablas_por_s	ms_por_tabla	rss_pico_kb	uj
parallel	16	0	12	107	8.877696	112.641838	3876	no_leible
parallel	16	1	12	106	8.791582	113.745173	7656	no_leible
parallel	16	2	12	90	7.479639	133.696290	7656	no_leible
# MEDIANA	parallel	16	tablas_por_s=8.791582	ms_por_tabla=113.745173
MODO	HILOS	REP	SEGUNDOS	TABLAS	tablas_por_s	ms_por_tabla	rss_pico_kb	uj
single	24	0	12	233	17.783889	56.230670	37876	no_leible
single	24	1	12	222	17.062314	58.608697	113548	no_leible
single	24	2	12	230	17.524526	57.062884	113548	no_leible
# MEDIANA	single	24	tablas_por_s=17.524526	ms_por_tabla=57.062884
MODO	HILOS	REP	SEGUNDOS	TABLAS	tablas_por_s	ms_por_tabla	rss_pico_kb	uj
parallel	24	0	12	100	8.325112	120.118507	4280	no_leible
parallel	24	1	12	96	7.967746	125.506012	8124	no_leible
parallel	24	2	12	87	7.159149	139.681405	8124	no_leible
# MEDIANA	parallel	24	tablas_por_s=7.967746	ms_por_tabla=125.506012
=== ESCALADO FIN ===
RAM	tablas=8	sizeof_Proofs=5251072	delta_kb=85372	byte_por_tabla=10927616
=== TASA DE SEMILLAS MALAS (muestra 2) ===
bash: línea 1:   249 Abortado                   (`core' generado) ./target/release/estres 1 400 separadas variable 100000 > /dev/null 2> mediciones/fallo-semilla-muestra2.txt
rc=134
HECHO	hilo=0	indice=125	total=126
HECHO	hilo=0	indice=126	total=127
corrupted size vs. prev_size while consolidating
=== TODO FIN ===
lun 21 sep 2026 12:58:57 CEST
