=== M1 (corregido) ===
    Finished `bench` profile [optimized] target(s) in 0.04s
     Running benches/m1_tabla.rs (/home/katana/zeo/ZEROX/P-ZRX/P-INTENTO/investigacion/target/release/deps/m1_tabla-9e4013318d49019a)
[M1] Proofs<20> = 5251072 bytes; pruebas por tabla (semilla 0) = 32768
Benchmarking m1/tabla_1_hilo_semilla_fija
Benchmarking m1/tabla_1_hilo_semilla_fija: Warming up for 2.0000 s
Benchmarking m1/tabla_1_hilo_semilla_fija: Collecting 10 samples in estimated 25.061 s (30 iterations)
Benchmarking m1/tabla_1_hilo_semilla_fija: Analyzing
m1/tabla_1_hilo_semilla_fija
                        time:   [806.09 ms 818.72 ms 833.86 ms]
                        thrpt:  [1.1992  elem/s 1.2214  elem/s 1.2405  elem/s]
                 change:
                        time:   [−5.9237% −2.1161% +2.4403%] (p = 0.37 > 0.05)
                        thrpt:  [−2.3822% +2.1618% +6.2967%]
                        No change in performance detected.
Found 2 outliers among 10 measurements (20.00%)
  2 (20.00%) high mild
Benchmarking m1/tabla_1_hilo_semilla_fresca
Benchmarking m1/tabla_1_hilo_semilla_fresca: Warming up for 2.0000 s
Benchmarking m1/tabla_1_hilo_semilla_fresca: Collecting 10 samples in estimated 24.520 s (30 iterations)
Benchmarking m1/tabla_1_hilo_semilla_fresca: Analyzing
m1/tabla_1_hilo_semilla_fresca
                        time:   [766.12 ms 809.13 ms 859.35 ms]
                        thrpt:  [1.1637  elem/s 1.2359  elem/s 1.3053  elem/s]
                 change:
                        time:   [−8.8032% −2.7180% +5.1182%] (p = 0.48 > 0.05)
                        thrpt:  [−4.8690% +2.7939% +9.6530%]
                        No change in performance detected.
Benchmarking m1/tabla_paralela_interna
Benchmarking m1/tabla_paralela_interna: Warming up for 2.0000 s
Benchmarking m1/tabla_paralela_interna: Collecting 10 samples in estimated 22.757 s (165 iterations)
Benchmarking m1/tabla_paralela_interna: Analyzing
m1/tabla_paralela_interna
                        time:   [108.44 ms 118.05 ms 132.49 ms]
                        thrpt:  [7.5479  elem/s 8.4713  elem/s 9.2220  elem/s]
                 change:
                        time:   [−4.6942% +4.2996% +13.527%] (p = 0.39 > 0.05)
                        thrpt:  [−11.916% −4.1223% +4.9254%]
                        No change in performance detected.
Found 2 outliers among 10 measurements (20.00%)
  2 (20.00%) low severe

=== M2 (corregido) ===
    Finished `bench` profile [optimized] target(s) in 0.04s
     Running benches/m2_reto.rs (/home/katana/zeo/ZEROX/P-ZRX/P-INTENTO/investigacion/target/release/deps/m2_reto-546e88a72230b104)
[M2] buckets de sonda: bajo=SBucket(0) medio=SBucket(32769) alto=SBucket(54985)
Benchmarking m2_aislado/rank_select_bucket_bajo
Benchmarking m2_aislado/rank_select_bucket_bajo: Warming up for 1.0000 s
Benchmarking m2_aislado/rank_select_bucket_bajo: Collecting 20 samples in estimated 5.0000 s (7.8B iterations)
Benchmarking m2_aislado/rank_select_bucket_bajo: Analyzing
m2_aislado/rank_select_bucket_bajo
                        time:   [636.83 ps 638.91 ps 641.79 ps]
                        thrpt:  [1.5581 Gelem/s 1.5652 Gelem/s 1.5703 Gelem/s]
                 change:
                        time:   [+0.1713% +0.6734% +1.1444%] (p = 0.01 < 0.05)
                        thrpt:  [−1.1315% −0.6689% −0.1710%]
                        Change within noise threshold.
Found 2 outliers among 20 measurements (10.00%)
  1 (5.00%) high mild
  1 (5.00%) high severe
Benchmarking m2_aislado/rank_select_bucket_medio
Benchmarking m2_aislado/rank_select_bucket_medio: Warming up for 1.0000 s
Benchmarking m2_aislado/rank_select_bucket_medio: Collecting 20 samples in estimated 5.0002 s (4.3M iterations)
Benchmarking m2_aislado/rank_select_bucket_medio: Analyzing
m2_aislado/rank_select_bucket_medio
                        time:   [1.1771 µs 1.1914 µs 1.2009 µs]
                        thrpt:  [832.72 Kelem/s 839.35 Kelem/s 849.56 Kelem/s]
                 change:
                        time:   [−1.3194% −0.4657% +0.4694%] (p = 0.31 > 0.05)
                        thrpt:  [−0.4672% +0.4678% +1.3370%]
                        No change in performance detected.
Benchmarking m2_aislado/rank_select_bucket_alto
Benchmarking m2_aislado/rank_select_bucket_alto: Warming up for 1.0000 s
Benchmarking m2_aislado/rank_select_bucket_alto: Collecting 20 samples in estimated 5.0001 s (2.4M iterations)
Benchmarking m2_aislado/rank_select_bucket_alto: Analyzing
m2_aislado/rank_select_bucket_alto
                        time:   [2.0235 µs 2.0303 µs 2.0384 µs]
                        thrpt:  [490.57 Kelem/s 492.54 Kelem/s 494.19 Kelem/s]
                 change:
                        time:   [+1.7655% +2.3425% +2.9432%] (p = 0.00 < 0.05)
                        thrpt:  [−2.8591% −2.2889% −1.7349%]
                        Performance has regressed.
Found 1 outliers among 20 measurements (5.00%)
  1 (5.00%) high mild
Benchmarking m2_aislado/rank_select_bucket_sin_prueba
Benchmarking m2_aislado/rank_select_bucket_sin_prueba: Warming up for 1.0000 s
Benchmarking m2_aislado/rank_select_bucket_sin_prueba: Collecting 20 samples in estimated 5.0000 s (12B iterations)
Benchmarking m2_aislado/rank_select_bucket_sin_prueba: Analyzing
m2_aislado/rank_select_bucket_sin_prueba
                        time:   [394.37 ps 397.62 ps 401.64 ps]
                        thrpt:  [2.4898 Gelem/s 2.5150 Gelem/s 2.5357 Gelem/s]
                 change:
                        time:   [+2.0090% +2.8501% +3.8731%] (p = 0.00 < 0.05)
                        thrpt:  [−3.7287% −2.7711% −1.9695%]
                        Performance has regressed.
Found 1 outliers among 20 measurements (5.00%)
  1 (5.00%) high mild
Benchmarking m2_aislado/rank_select_bucket_maximo_sin_prueba
Benchmarking m2_aislado/rank_select_bucket_maximo_sin_prueba: Warming up for 1.0000 s
Benchmarking m2_aislado/rank_select_bucket_maximo_sin_prueba: Collecting 20 samples in estimated 5.0000 s (13B iterations)
Benchmarking m2_aislado/rank_select_bucket_maximo_sin_prueba: Analyzing
m2_aislado/rank_select_bucket_maximo_sin_prueba
                        time:   [392.49 ps 397.09 ps 403.69 ps]
                        thrpt:  [2.4772 Gelem/s 2.5183 Gelem/s 2.5479 Gelem/s]
                 change:
                        time:   [+1.0984% +2.3450% +3.7809%] (p = 0.00 < 0.05)
                        thrpt:  [−3.6432% −2.2912% −1.0864%]
                        Performance has regressed.
Found 1 outliers among 20 measurements (5.00%)
  1 (5.00%) high mild
Benchmarking m2_aislado/distancia_un_acierto
Benchmarking m2_aislado/distancia_un_acierto: Warming up for 1.0000 s
Benchmarking m2_aislado/distancia_un_acierto: Collecting 20 samples in estimated 5.0000 s (96M iterations)
Benchmarking m2_aislado/distancia_un_acierto: Analyzing
m2_aislado/distancia_un_acierto
                        time:   [51.466 ns 51.853 ns 52.324 ns]
                        thrpt:  [19.112 Melem/s 19.285 Melem/s 19.430 Melem/s]
                 change:
                        time:   [+0.7292% +1.2736% +1.9533%] (p = 0.00 < 0.05)
                        thrpt:  [−1.9159% −1.2576% −0.7239%]
                        Change within noise threshold.
Found 3 outliers among 20 measurements (15.00%)
  2 (10.00%) high mild
  1 (5.00%) high severe

Benchmarking m2_w1/por_bucket
Benchmarking m2_w1/por_bucket: Warming up for 1.0000 s
Benchmarking m2_w1/por_bucket: Collecting 20 samples in estimated 5.0000 s (1.4B iterations)
Benchmarking m2_w1/por_bucket: Analyzing
m2_w1/por_bucket        time:   [3.4666 ns 3.4726 ns 3.4770 ns]
                        thrpt:  [287.61 Melem/s 287.97 Melem/s 288.47 Melem/s]
                 change:
                        time:   [+475.58% +481.84% +488.38%] (p = 0.00 < 0.05)
                        thrpt:  [−83.004% −82.813% −82.626%]
                        Performance has regressed.
Found 4 outliers among 20 measurements (20.00%)
  3 (15.00%) low severe
  1 (5.00%) high mild
Benchmarking m2_w1/lote_and_64k
Benchmarking m2_w1/lote_and_64k: Warming up for 1.0000 s
Benchmarking m2_w1/lote_and_64k: Collecting 20 samples in estimated 5.0000 s (12M iterations)
Benchmarking m2_w1/lote_and_64k: Analyzing
m2_w1/lote_and_64k      time:   [416.59 ns 416.75 ns 416.97 ns]
                        thrpt:  [2.3982 Melem/s 2.3995 Melem/s 2.4004 Melem/s]
                 change:
                        time:   [−2.5740% −1.8356% −1.2646%] (p = 0.00 < 0.05)
                        thrpt:  [+1.2808% +1.8699% +2.6420%]
                        Performance has improved.
Benchmarking m2_w1/construir_objetivo
Benchmarking m2_w1/construir_objetivo: Warming up for 1.0000 s
Benchmarking m2_w1/construir_objetivo: Collecting 20 samples in estimated 5.0000 s (116M iterations)
Benchmarking m2_w1/construir_objetivo: Analyzing
m2_w1/construir_objetivo
                        time:   [40.164 ns 40.399 ns 40.631 ns]
                        thrpt:  [24.612 Melem/s 24.753 Melem/s 24.898 Melem/s]
                 change:
                        time:   [−3.9636% −2.2001% −0.3396%] (p = 0.03 < 0.05)
                        thrpt:  [+0.3408% +2.2496% +4.1272%]
                        Change within noise threshold.
Benchmarking m2_w1/derivar_buckets
Benchmarking m2_w1/derivar_buckets: Warming up for 1.0000 s
Benchmarking m2_w1/derivar_buckets: Collecting 20 samples in estimated 5.0000 s (56M iterations)
Benchmarking m2_w1/derivar_buckets: Analyzing
m2_w1/derivar_buckets   time:   [87.973 ns 88.433 ns 88.798 ns]
                        thrpt:  [11.261 Melem/s 11.308 Melem/s 11.367 Melem/s]
                 change:
                        time:   [−3.8974% −3.2719% −2.6835%] (p = 0.00 < 0.05)
                        thrpt:  [+2.7575% +3.3825% +4.0555%]
                        Performance has improved.
Found 4 outliers among 20 measurements (20.00%)
  4 (20.00%) high severe

Benchmarking m2_w10/por_bucket
Benchmarking m2_w10/por_bucket: Warming up for 1.0000 s
Benchmarking m2_w10/por_bucket: Collecting 20 samples in estimated 5.0004 s (1.2M iterations)
Benchmarking m2_w10/por_bucket: Analyzing
m2_w10/por_bucket       time:   [4.3003 µs 4.3260 µs 4.3595 µs]
                        thrpt:  [2.2939 Melem/s 2.3116 Melem/s 2.3254 Melem/s]
                 change:
                        time:   [+139963% +140765% +141544%] (p = 0.00 < 0.05)
                        thrpt:  [−99.929% −99.929% −99.929%]
                        Performance has regressed.
Benchmarking m2_w10/lote_and_64k
Benchmarking m2_w10/lote_and_64k: Warming up for 1.0000 s
Benchmarking m2_w10/lote_and_64k: Collecting 20 samples in estimated 5.0000 s (12M iterations)
Benchmarking m2_w10/lote_and_64k: Analyzing
m2_w10/lote_and_64k     time:   [423.94 ns 426.40 ns 430.64 ns]
                        thrpt:  [23.221 Melem/s 23.452 Melem/s 23.588 Melem/s]
                 change:
                        time:   [+1.8738% +2.6732% +3.6747%] (p = 0.00 < 0.05)
                        thrpt:  [−3.5445% −2.6036% −1.8394%]
                        Performance has regressed.
Found 2 outliers among 20 measurements (10.00%)
  2 (10.00%) high severe
Benchmarking m2_w10/construir_objetivo
Benchmarking m2_w10/construir_objetivo: Warming up for 1.0000 s
Benchmarking m2_w10/construir_objetivo: Collecting 20 samples in estimated 5.0000 s (117M iterations)
Benchmarking m2_w10/construir_objetivo: Analyzing
m2_w10/construir_objetivo
                        time:   [41.962 ns 43.004 ns 43.813 ns]
                        thrpt:  [228.24 Melem/s 232.54 Melem/s 238.31 Melem/s]
                 change:
                        time:   [−4.3826% −2.6230% −0.8291%] (p = 0.01 < 0.05)
                        thrpt:  [+0.8361% +2.6937% +4.5835%]
                        Change within noise threshold.
Found 3 outliers among 20 measurements (15.00%)
  3 (15.00%) high severe
Benchmarking m2_w10/derivar_buckets
Benchmarking m2_w10/derivar_buckets: Warming up for 1.0000 s
Benchmarking m2_w10/derivar_buckets: Collecting 20 samples in estimated 5.0001 s (6.4M iterations)
Benchmarking m2_w10/derivar_buckets: Analyzing
m2_w10/derivar_buckets  time:   [778.99 ns 784.50 ns 789.71 ns]
                        thrpt:  [12.663 Melem/s 12.747 Melem/s 12.837 Melem/s]
                 change:
                        time:   [−2.6415% −1.8627% −1.0770%] (p = 0.00 < 0.05)
                        thrpt:  [+1.0888% +1.8980% +2.7132%]
                        Performance has improved.

Benchmarking m2_w100/por_bucket
Benchmarking m2_w100/por_bucket: Warming up for 1.0000 s
Benchmarking m2_w100/por_bucket: Collecting 20 samples in estimated 5.0080 s (118k iterations)
Benchmarking m2_w100/por_bucket: Analyzing
m2_w100/por_bucket      time:   [42.218 µs 42.491 µs 42.932 µs]
                        thrpt:  [2.3293 Melem/s 2.3534 Melem/s 2.3687 Melem/s]
                 change:
                        time:   [+125762% +126994% +128315%] (p = 0.00 < 0.05)
                        thrpt:  [−99.922% −99.921% −99.921%]
                        Performance has regressed.
Found 3 outliers among 20 measurements (15.00%)
  1 (5.00%) high mild
  2 (10.00%) high severe
Benchmarking m2_w100/lote_and_64k
Benchmarking m2_w100/lote_and_64k: Warming up for 1.0000 s
Benchmarking m2_w100/lote_and_64k: Collecting 20 samples in estimated 5.0000 s (12M iterations)
Benchmarking m2_w100/lote_and_64k: Analyzing
m2_w100/lote_and_64k    time:   [417.16 ns 417.48 ns 417.91 ns]
                        thrpt:  [239.29 Melem/s 239.53 Melem/s 239.72 Melem/s]
                 change:
                        time:   [−2.8249% −2.0613% −1.4248%] (p = 0.00 < 0.05)
                        thrpt:  [+1.4454% +2.1047% +2.9070%]
                        Performance has improved.
Benchmarking m2_w100/construir_objetivo
Benchmarking m2_w100/construir_objetivo: Warming up for 1.0000 s
Benchmarking m2_w100/construir_objetivo: Collecting 20 samples in estimated 5.0000 s (84M iterations)
Benchmarking m2_w100/construir_objetivo: Analyzing
m2_w100/construir_objetivo
                        time:   [60.573 ns 61.849 ns 62.982 ns]
                        thrpt:  [1.5878 Gelem/s 1.6168 Gelem/s 1.6509 Gelem/s]
                 change:
                        time:   [−0.7867% +0.6641% +2.2088%] (p = 0.39 > 0.05)
                        thrpt:  [−2.1610% −0.6597% +0.7929%]
                        No change in performance detected.
Found 4 outliers among 20 measurements (20.00%)
  4 (20.00%) high mild
Benchmarking m2_w100/derivar_buckets
Benchmarking m2_w100/derivar_buckets: Warming up for 1.0000 s
Benchmarking m2_w100/derivar_buckets: Collecting 20 samples in estimated 5.0000 s (653k iterations)
Benchmarking m2_w100/derivar_buckets: Analyzing
m2_w100/derivar_buckets time:   [7.4200 µs 7.4620 µs 7.5203 µs]
                        thrpt:  [13.297 Melem/s 13.401 Melem/s 13.477 Melem/s]
                 change:
                        time:   [−3.0702% −2.0492% −1.0903%] (p = 0.00 < 0.05)
                        thrpt:  [+1.1023% +2.0921% +3.1674%]
                        Performance has improved.

Benchmarking m2_w1000/por_bucket
Benchmarking m2_w1000/por_bucket: Warming up for 1.0000 s
Benchmarking m2_w1000/por_bucket: Collecting 20 samples in estimated 5.0122 s (10k iterations)
Benchmarking m2_w1000/por_bucket: Analyzing
m2_w1000/por_bucket     time:   [494.85 µs 497.16 µs 500.11 µs]
                        thrpt:  [1.9996 Melem/s 2.0114 Melem/s 2.0208 Melem/s]
                 change:
                        time:   [+173022% +174187% +175330%] (p = 0.00 < 0.05)
                        thrpt:  [−99.943% −99.943% −99.942%]
                        Performance has regressed.
Found 1 outliers among 20 measurements (5.00%)
  1 (5.00%) high mild
Benchmarking m2_w1000/lote_and_64k
Benchmarking m2_w1000/lote_and_64k: Warming up for 1.0000 s
Benchmarking m2_w1000/lote_and_64k: Collecting 20 samples in estimated 5.0001 s (12M iterations)
Benchmarking m2_w1000/lote_and_64k: Analyzing
m2_w1000/lote_and_64k   time:   [423.57 ns 427.80 ns 435.47 ns]
                        thrpt:  [2.2964 Gelem/s 2.3375 Gelem/s 2.3609 Gelem/s]
                 change:
                        time:   [+0.9810% +2.9322% +5.1754%] (p = 0.00 < 0.05)
                        thrpt:  [−4.9207% −2.8487% −0.9715%]
                        Change within noise threshold.
Found 2 outliers among 20 measurements (10.00%)
  2 (10.00%) high severe
Benchmarking m2_w1000/construir_objetivo
Benchmarking m2_w1000/construir_objetivo: Warming up for 1.0000 s
Benchmarking m2_w1000/construir_objetivo: Collecting 20 samples in estimated 5.0000 s (19M iterations)
Benchmarking m2_w1000/construir_objetivo: Analyzing
m2_w1000/construir_objetivo
                        time:   [253.89 ns 259.53 ns 264.53 ns]
                        thrpt:  [3.7803 Gelem/s 3.8531 Gelem/s 3.9387 Gelem/s]
                 change:
                        time:   [+2.5476% +3.8001% +5.0589%] (p = 0.00 < 0.05)
                        thrpt:  [−4.8153% −3.6610% −2.4843%]
                        Performance has regressed.
Found 1 outliers among 20 measurements (5.00%)
  1 (5.00%) high mild
Benchmarking m2_w1000/derivar_buckets
Benchmarking m2_w1000/derivar_buckets: Warming up for 1.0000 s
Benchmarking m2_w1000/derivar_buckets: Collecting 20 samples in estimated 5.0110 s (65k iterations)
Benchmarking m2_w1000/derivar_buckets: Analyzing
m2_w1000/derivar_buckets
                        time:   [75.970 µs 76.556 µs 77.235 µs]
                        thrpt:  [12.947 Melem/s 13.062 Melem/s 13.163 Melem/s]
                 change:
                        time:   [+2.6054% +3.2858% +4.0039%] (p = 0.00 < 0.05)
                        thrpt:  [−3.8497% −3.1813% −2.5393%]
                        Performance has regressed.
Found 2 outliers among 20 measurements (10.00%)
  1 (5.00%) high mild
  1 (5.00%) high severe

Benchmarking m2_w10000/por_bucket
Benchmarking m2_w10000/por_bucket: Warming up for 1.0000 s
Benchmarking m2_w10000/por_bucket: Collecting 20 samples in estimated 5.1425 s (1050 iterations)
Benchmarking m2_w10000/por_bucket: Analyzing
m2_w10000/por_bucket    time:   [4.8901 ms 4.9313 ms 4.9948 ms]
                        thrpt:  [2.0021 Melem/s 2.0279 Melem/s 2.0450 Melem/s]
                 change:
                        time:   [+166764% +170926% +174003%] (p = 0.00 < 0.05)
                        thrpt:  [−99.943% −99.942% −99.940%]
                        Performance has regressed.
Benchmarking m2_w10000/lote_and_64k
Benchmarking m2_w10000/lote_and_64k: Warming up for 1.0000 s
Benchmarking m2_w10000/lote_and_64k: Collecting 20 samples in estimated 5.0001 s (12M iterations)
Benchmarking m2_w10000/lote_and_64k: Analyzing
m2_w10000/lote_and_64k  time:   [417.79 ns 418.02 ns 418.23 ns]
                        thrpt:  [23.910 Gelem/s 23.923 Gelem/s 23.935 Gelem/s]
                 change:
                        time:   [−3.4834% −2.4311% −1.5249%] (p = 0.00 < 0.05)
                        thrpt:  [+1.5485% +2.4917% +3.6091%]
                        Performance has improved.
Found 1 outliers among 20 measurements (5.00%)
  1 (5.00%) high mild
Benchmarking m2_w10000/construir_objetivo
Benchmarking m2_w10000/construir_objetivo: Warming up for 1.0000 s
Benchmarking m2_w10000/construir_objetivo: Collecting 20 samples in estimated 5.0003 s (2.4M iterations)
Benchmarking m2_w10000/construir_objetivo: Analyzing
m2_w10000/construir_objetivo
                        time:   [2.1032 µs 2.1511 µs 2.1871 µs]
                        thrpt:  [4.5722 Gelem/s 4.6488 Gelem/s 4.7547 Gelem/s]
                 change:
                        time:   [−1.3351% +0.2451% +1.9274%] (p = 0.79 > 0.05)
                        thrpt:  [−1.8910% −0.2445% +1.3532%]
                        No change in performance detected.
Found 5 outliers among 20 measurements (25.00%)
  1 (5.00%) high mild
  4 (20.00%) high severe
Benchmarking m2_w10000/derivar_buckets
Benchmarking m2_w10000/derivar_buckets: Warming up for 1.0000 s
Benchmarking m2_w10000/derivar_buckets: Collecting 20 samples in estimated 5.1248 s (6720 iterations)
Benchmarking m2_w10000/derivar_buckets: Analyzing
m2_w10000/derivar_buckets
                        time:   [736.81 µs 738.37 µs 741.35 µs]
                        thrpt:  [13.489 Melem/s 13.543 Melem/s 13.572 Melem/s]
                 change:
                        time:   [−3.6930% −2.7497% −1.8346%] (p = 0.00 < 0.05)
                        thrpt:  [+1.8689% +2.8275% +3.8346%]
                        Performance has improved.

