=== M1 · t_tabla (Criterion) ===
    Finished `bench` profile [optimized] target(s) in 0.04s
     Running benches/m1_tabla.rs (/home/katana/zeo/ZEROX/P-ZRX/P-INTENTO/investigacion/target/release/deps/m1_tabla-2a53554da91642d3)
[M1] Proofs<20> = 5251072 bytes; pruebas por tabla (semilla 0) = 32768
Benchmarking m1/tabla_1_hilo_semilla_fija
Benchmarking m1/tabla_1_hilo_semilla_fija: Warming up for 2.0000 s
Benchmarking m1/tabla_1_hilo_semilla_fija: Collecting 10 samples in estimated 23.354 s (30 iterations)
Benchmarking m1/tabla_1_hilo_semilla_fija: Analyzing
m1/tabla_1_hilo_semilla_fija
                        time:   [801.07 ms 836.42 ms 866.82 ms]
                        thrpt:  [1.1536  elem/s 1.1956  elem/s 1.2483  elem/s]
Found 1 outliers among 10 measurements (10.00%)
  1 (10.00%) low mild
Benchmarking m1/tabla_1_hilo_semilla_fresca
Benchmarking m1/tabla_1_hilo_semilla_fresca: Warming up for 2.0000 s
Benchmarking m1/tabla_1_hilo_semilla_fresca: Collecting 10 samples in estimated 24.717 s (30 iterations)
Benchmarking m1/tabla_1_hilo_semilla_fresca: Analyzing
m1/tabla_1_hilo_semilla_fresca
                        time:   [795.69 ms 831.73 ms 868.06 ms]
                        thrpt:  [1.1520  elem/s 1.2023  elem/s 1.2568  elem/s]
Benchmarking m1/tabla_paralela_interna
Benchmarking m1/tabla_paralela_interna: Warming up for 2.0000 s
Benchmarking m1/tabla_paralela_interna: Collecting 10 samples in estimated 21.335 s (165 iterations)
Benchmarking m1/tabla_paralela_interna: Analyzing
m1/tabla_paralela_interna
                        time:   [106.64 ms 114.71 ms 127.04 ms]
                        thrpt:  [7.8712  elem/s 8.7177  elem/s 9.3772  elem/s]
Found 1 outliers among 10 measurements (10.00%)
  1 (10.00%) high mild

=== M2 · t_reto (Criterion) ===
    Finished `bench` profile [optimized] target(s) in 0.03s
     Running benches/m2_reto.rs (/home/katana/zeo/ZEROX/P-ZRX/P-INTENTO/investigacion/target/release/deps/m2_reto-244f7d1a51172b89)
[M2] buckets de sonda: bajo=SBucket(0) medio=SBucket(32769) alto=SBucket(54985)
Benchmarking m2_aislado/rank_select_bucket_bajo
Benchmarking m2_aislado/rank_select_bucket_bajo: Warming up for 1.0000 s
Benchmarking m2_aislado/rank_select_bucket_bajo: Collecting 20 samples in estimated 5.0000 s (7.8B iterations)
Benchmarking m2_aislado/rank_select_bucket_bajo: Analyzing
m2_aislado/rank_select_bucket_bajo
                        time:   [634.55 ps 637.60 ps 641.54 ps]
                        thrpt:  [1.5587 Gelem/s 1.5684 Gelem/s 1.5759 Gelem/s]
Found 2 outliers among 20 measurements (10.00%)
  1 (5.00%) high mild
  1 (5.00%) high severe
Benchmarking m2_aislado/rank_select_bucket_medio
Benchmarking m2_aislado/rank_select_bucket_medio: Warming up for 1.0000 s
Benchmarking m2_aislado/rank_select_bucket_medio: Collecting 20 samples in estimated 5.0000 s (4.3M iterations)
Benchmarking m2_aislado/rank_select_bucket_medio: Analyzing
m2_aislado/rank_select_bucket_medio
                        time:   [1.1754 µs 1.1793 µs 1.1842 µs]
                        thrpt:  [844.42 Kelem/s 847.96 Kelem/s 850.78 Kelem/s]
Found 1 outliers among 20 measurements (5.00%)
  1 (5.00%) high mild
Benchmarking m2_aislado/rank_select_bucket_alto
Benchmarking m2_aislado/rank_select_bucket_alto: Warming up for 1.0000 s
Benchmarking m2_aislado/rank_select_bucket_alto: Collecting 20 samples in estimated 5.0001 s (2.5M iterations)
Benchmarking m2_aislado/rank_select_bucket_alto: Analyzing
m2_aislado/rank_select_bucket_alto
                        time:   [1.9849 µs 1.9929 µs 2.0028 µs]
                        thrpt:  [499.31 Kelem/s 501.77 Kelem/s 503.81 Kelem/s]
Benchmarking m2_aislado/rank_select_bucket_sin_prueba
Benchmarking m2_aislado/rank_select_bucket_sin_prueba: Warming up for 1.0000 s
Benchmarking m2_aislado/rank_select_bucket_sin_prueba: Collecting 20 samples in estimated 5.0000 s (13B iterations)
Benchmarking m2_aislado/rank_select_bucket_sin_prueba: Analyzing
m2_aislado/rank_select_bucket_sin_prueba
                        time:   [386.23 ps 387.35 ps 388.83 ps]
                        thrpt:  [2.5718 Gelem/s 2.5816 Gelem/s 2.5892 Gelem/s]
Found 3 outliers among 20 measurements (15.00%)
  1 (5.00%) high mild
  2 (10.00%) high severe
Benchmarking m2_aislado/rank_select_bucket_maximo_sin_prueba
Benchmarking m2_aislado/rank_select_bucket_maximo_sin_prueba: Warming up for 1.0000 s
Benchmarking m2_aislado/rank_select_bucket_maximo_sin_prueba: Collecting 20 samples in estimated 5.0000 s (13B iterations)
Benchmarking m2_aislado/rank_select_bucket_maximo_sin_prueba: Analyzing
m2_aislado/rank_select_bucket_maximo_sin_prueba
                        time:   [386.24 ps 386.90 ps 387.46 ps]
                        thrpt:  [2.5809 Gelem/s 2.5847 Gelem/s 2.5891 Gelem/s]
Found 1 outliers among 20 measurements (5.00%)
  1 (5.00%) high severe
Benchmarking m2_aislado/distancia_un_acierto
Benchmarking m2_aislado/distancia_un_acierto: Warming up for 1.0000 s
Benchmarking m2_aislado/distancia_un_acierto: Collecting 20 samples in estimated 5.0000 s (97M iterations)
Benchmarking m2_aislado/distancia_un_acierto: Analyzing
m2_aislado/distancia_un_acierto
                        time:   [50.891 ns 51.029 ns 51.178 ns]
                        thrpt:  [19.539 Melem/s 19.597 Melem/s 19.650 Melem/s]
Found 1 outliers among 20 measurements (5.00%)
  1 (5.00%) low mild

Benchmarking m2_w1/por_bucket
Benchmarking m2_w1/por_bucket: Warming up for 1.0000 s
Benchmarking m2_w1/por_bucket: Collecting 20 samples in estimated 5.0000 s (8.3B iterations)
Benchmarking m2_w1/por_bucket: Analyzing
m2_w1/por_bucket        time:   [582.84 ps 588.56 ps 595.94 ps]
                        thrpt:  [1.6780 Gelem/s 1.6991 Gelem/s 1.7157 Gelem/s]
Benchmarking m2_w1/lote_and_64k
Benchmarking m2_w1/lote_and_64k: Warming up for 1.0000 s
Benchmarking m2_w1/lote_and_64k: Collecting 20 samples in estimated 5.0001 s (12M iterations)
Benchmarking m2_w1/lote_and_64k: Analyzing
m2_w1/lote_and_64k      time:   [422.18 ns 425.39 ns 430.11 ns]
                        thrpt:  [2.3250 Melem/s 2.3508 Melem/s 2.3687 Melem/s]
Found 3 outliers among 20 measurements (15.00%)
  1 (5.00%) high mild
  2 (10.00%) high severe
Benchmarking m2_w1/construir_objetivo
Benchmarking m2_w1/construir_objetivo: Warming up for 1.0000 s
Benchmarking m2_w1/construir_objetivo: Collecting 20 samples in estimated 5.0000 s (123M iterations)
Benchmarking m2_w1/construir_objetivo: Analyzing
m2_w1/construir_objetivo
                        time:   [40.890 ns 41.717 ns 42.761 ns]
                        thrpt:  [23.386 Melem/s 23.971 Melem/s 24.456 Melem/s]
Benchmarking m2_w1/derivar_buckets
Benchmarking m2_w1/derivar_buckets: Warming up for 1.0000 s
Benchmarking m2_w1/derivar_buckets: Collecting 20 samples in estimated 5.0000 s (54M iterations)
Benchmarking m2_w1/derivar_buckets: Analyzing
m2_w1/derivar_buckets   time:   [91.443 ns 91.854 ns 92.327 ns]
                        thrpt:  [10.831 Melem/s 10.887 Melem/s 10.936 Melem/s]
Found 2 outliers among 20 measurements (10.00%)
  1 (5.00%) low mild
  1 (5.00%) high mild

Benchmarking m2_w10/por_bucket
Benchmarking m2_w10/por_bucket: Warming up for 1.0000 s
Benchmarking m2_w10/por_bucket: Collecting 20 samples in estimated 5.0000 s (1.6B iterations)
Benchmarking m2_w10/por_bucket: Analyzing
m2_w10/por_bucket       time:   [3.0690 ns 3.0729 ns 3.0766 ns]
                        thrpt:  [3.2504 Gelem/s 3.2542 Gelem/s 3.2584 Gelem/s]
Found 1 outliers among 20 measurements (5.00%)
  1 (5.00%) high severe
Benchmarking m2_w10/lote_and_64k
Benchmarking m2_w10/lote_and_64k: Warming up for 1.0000 s
Benchmarking m2_w10/lote_and_64k: Collecting 20 samples in estimated 5.0000 s (12M iterations)
Benchmarking m2_w10/lote_and_64k: Analyzing
m2_w10/lote_and_64k     time:   [416.64 ns 416.87 ns 417.17 ns]
                        thrpt:  [23.971 Melem/s 23.988 Melem/s 24.002 Melem/s]
Found 3 outliers among 20 measurements (15.00%)
  2 (10.00%) high mild
  1 (5.00%) high severe
Benchmarking m2_w10/construir_objetivo
Benchmarking m2_w10/construir_objetivo: Warming up for 1.0000 s
Benchmarking m2_w10/construir_objetivo: Collecting 20 samples in estimated 5.0000 s (119M iterations)
Benchmarking m2_w10/construir_objetivo: Analyzing
m2_w10/construir_objetivo
                        time:   [42.016 ns 42.472 ns 43.247 ns]
                        thrpt:  [231.23 Melem/s 235.45 Melem/s 238.01 Melem/s]
Benchmarking m2_w10/derivar_buckets
Benchmarking m2_w10/derivar_buckets: Warming up for 1.0000 s
Benchmarking m2_w10/derivar_buckets: Collecting 20 samples in estimated 5.0001 s (6.6M iterations)
Benchmarking m2_w10/derivar_buckets: Analyzing
m2_w10/derivar_buckets  time:   [796.48 ns 800.76 ns 804.91 ns]
                        thrpt:  [12.424 Melem/s 12.488 Melem/s 12.555 Melem/s]
Found 1 outliers among 20 measurements (5.00%)
  1 (5.00%) low mild

Benchmarking m2_w100/por_bucket
Benchmarking m2_w100/por_bucket: Warming up for 1.0000 s
Benchmarking m2_w100/por_bucket: Collecting 20 samples in estimated 5.0000 s (153M iterations)
Benchmarking m2_w100/por_bucket: Analyzing
m2_w100/por_bucket      time:   [33.198 ns 33.442 ns 33.739 ns]
                        thrpt:  [2.9639 Gelem/s 2.9903 Gelem/s 3.0122 Gelem/s]
Found 1 outliers among 20 measurements (5.00%)
  1 (5.00%) high mild
Benchmarking m2_w100/lote_and_64k
Benchmarking m2_w100/lote_and_64k: Warming up for 1.0000 s
Benchmarking m2_w100/lote_and_64k: Collecting 20 samples in estimated 5.0001 s (12M iterations)
Benchmarking m2_w100/lote_and_64k: Analyzing
m2_w100/lote_and_64k    time:   [422.88 ns 427.98 ns 434.64 ns]
                        thrpt:  [230.08 Melem/s 233.66 Melem/s 236.48 Melem/s]
Found 3 outliers among 20 measurements (15.00%)
  2 (10.00%) high mild
  1 (5.00%) high severe
Benchmarking m2_w100/construir_objetivo
Benchmarking m2_w100/construir_objetivo: Warming up for 1.0000 s
Benchmarking m2_w100/construir_objetivo: Collecting 20 samples in estimated 5.0000 s (79M iterations)
Benchmarking m2_w100/construir_objetivo: Analyzing
m2_w100/construir_objetivo
                        time:   [59.937 ns 60.221 ns 60.643 ns]
                        thrpt:  [1.6490 Gelem/s 1.6606 Gelem/s 1.6684 Gelem/s]
Found 1 outliers among 20 measurements (5.00%)
  1 (5.00%) high mild
Benchmarking m2_w100/derivar_buckets
Benchmarking m2_w100/derivar_buckets: Warming up for 1.0000 s
Benchmarking m2_w100/derivar_buckets: Collecting 20 samples in estimated 5.0006 s (646k iterations)
Benchmarking m2_w100/derivar_buckets: Analyzing
m2_w100/derivar_buckets time:   [7.6224 µs 7.7197 µs 7.8261 µs]
                        thrpt:  [12.778 Melem/s 12.954 Melem/s 13.119 Melem/s]
Found 2 outliers among 20 measurements (10.00%)
  1 (5.00%) high mild
  1 (5.00%) high severe

Benchmarking m2_w1000/por_bucket
Benchmarking m2_w1000/por_bucket: Warming up for 1.0000 s
Benchmarking m2_w1000/por_bucket: Collecting 20 samples in estimated 5.0001 s (17M iterations)
Benchmarking m2_w1000/por_bucket: Analyzing
m2_w1000/por_bucket     time:   [284.26 ns 285.53 ns 287.83 ns]
                        thrpt:  [3.4743 Gelem/s 3.5022 Gelem/s 3.5179 Gelem/s]
Found 3 outliers among 20 measurements (15.00%)
  1 (5.00%) high mild
  2 (10.00%) high severe
Benchmarking m2_w1000/lote_and_64k
Benchmarking m2_w1000/lote_and_64k: Warming up for 1.0000 s
Benchmarking m2_w1000/lote_and_64k: Collecting 20 samples in estimated 5.0001 s (12M iterations)
Benchmarking m2_w1000/lote_and_64k: Analyzing
m2_w1000/lote_and_64k   time:   [416.40 ns 423.74 ns 432.61 ns]
                        thrpt:  [2.3116 Gelem/s 2.3600 Gelem/s 2.4016 Gelem/s]
Found 2 outliers among 20 measurements (10.00%)
  2 (10.00%) high severe
Benchmarking m2_w1000/construir_objetivo
Benchmarking m2_w1000/construir_objetivo: Warming up for 1.0000 s
Benchmarking m2_w1000/construir_objetivo: Collecting 20 samples in estimated 5.0000 s (18M iterations)
Benchmarking m2_w1000/construir_objetivo: Analyzing
m2_w1000/construir_objetivo
                        time:   [246.66 ns 246.94 ns 247.38 ns]
                        thrpt:  [4.0423 Gelem/s 4.0496 Gelem/s 4.0542 Gelem/s]
Found 2 outliers among 20 measurements (10.00%)
  2 (10.00%) high severe
Benchmarking m2_w1000/derivar_buckets
Benchmarking m2_w1000/derivar_buckets: Warming up for 1.0000 s
Benchmarking m2_w1000/derivar_buckets: Collecting 20 samples in estimated 5.0155 s (68k iterations)
Benchmarking m2_w1000/derivar_buckets: Analyzing
m2_w1000/derivar_buckets
                        time:   [73.712 µs 74.067 µs 74.618 µs]
                        thrpt:  [13.402 Melem/s 13.501 Melem/s 13.566 Melem/s]
Found 3 outliers among 20 measurements (15.00%)
  3 (15.00%) high severe

Benchmarking m2_w10000/por_bucket
Benchmarking m2_w10000/por_bucket: Warming up for 1.0000 s
Benchmarking m2_w10000/por_bucket: Collecting 20 samples in estimated 5.0005 s (1.7M iterations)
Benchmarking m2_w10000/por_bucket: Analyzing
m2_w10000/por_bucket    time:   [2.8645 µs 2.8889 µs 2.9367 µs]
                        thrpt:  [3.4052 Gelem/s 3.4615 Gelem/s 3.4910 Gelem/s]
Found 2 outliers among 20 measurements (10.00%)
  1 (5.00%) high mild
  1 (5.00%) high severe
Benchmarking m2_w10000/lote_and_64k
Benchmarking m2_w10000/lote_and_64k: Warming up for 1.0000 s
Benchmarking m2_w10000/lote_and_64k: Collecting 20 samples in estimated 5.0000 s (12M iterations)
Benchmarking m2_w10000/lote_and_64k: Analyzing
m2_w10000/lote_and_64k  time:   [423.40 ns 424.81 ns 427.44 ns]
                        thrpt:  [23.395 Gelem/s 23.540 Gelem/s 23.618 Gelem/s]
Found 4 outliers among 20 measurements (20.00%)
  1 (5.00%) high mild
  3 (15.00%) high severe
Benchmarking m2_w10000/construir_objetivo
Benchmarking m2_w10000/construir_objetivo: Warming up for 1.0000 s
Benchmarking m2_w10000/construir_objetivo: Collecting 20 samples in estimated 5.0004 s (2.4M iterations)
Benchmarking m2_w10000/construir_objetivo: Analyzing
m2_w10000/construir_objetivo
                        time:   [2.0877 µs 2.1270 µs 2.1636 µs]
                        thrpt:  [4.6218 Gelem/s 4.7015 Gelem/s 4.7900 Gelem/s]
Found 4 outliers among 20 measurements (20.00%)
  1 (5.00%) high mild
  3 (15.00%) high severe
Benchmarking m2_w10000/derivar_buckets
Benchmarking m2_w10000/derivar_buckets: Warming up for 1.0000 s
Benchmarking m2_w10000/derivar_buckets: Collecting 20 samples in estimated 5.1255 s (6720 iterations)
Benchmarking m2_w10000/derivar_buckets: Analyzing
m2_w10000/derivar_buckets
                        time:   [763.84 µs 769.45 µs 775.41 µs]
                        thrpt:  [12.896 Melem/s 12.996 Melem/s 13.092 Melem/s]

=== M3 · t_ganador (Criterion) ===
    Finished `bench` profile [optimized] target(s) in 0.04s
     Running benches/m3_ganador.rs (/home/katana/zeo/ZEROX/P-ZRX/P-INTENTO/investigacion/target/release/deps/m3_ganador-aa3f0a0983af516b)
[M3] s-buckets con prueba = 32768 de 65536
Benchmarking m3/erasure_extend_pieza_1MiB
Benchmarking m3/erasure_extend_pieza_1MiB: Warming up for 1.0000 s
Benchmarking m3/erasure_extend_pieza_1MiB: Collecting 10 samples in estimated 10.114 s (3575 iterations)
Benchmarking m3/erasure_extend_pieza_1MiB: Analyzing
m3/erasure_extend_pieza_1MiB
                        time:   [2.4933 ms 2.5105 ms 2.5284 ms]
                        thrpt:  [395.50  elem/s 398.32  elem/s 401.07  elem/s]
Benchmarking m3/kzg_poly_pieza_1MiB
Benchmarking m3/kzg_poly_pieza_1MiB: Warming up for 1.0000 s
Benchmarking m3/kzg_poly_pieza_1MiB: Collecting 10 samples in estimated 10.070 s (6875 iterations)
Benchmarking m3/kzg_poly_pieza_1MiB: Analyzing
m3/kzg_poly_pieza_1MiB  time:   [1.3516 ms 1.4637 ms 1.6415 ms]
                        thrpt:  [609.18  elem/s 683.19  elem/s 739.86  elem/s]
Found 2 outliers among 10 measurements (20.00%)
  2 (20.00%) high severe
Benchmarking m3/kzg_commit_pieza
Benchmarking m3/kzg_commit_pieza: Warming up for 1.0000 s
Benchmarking m3/kzg_commit_pieza: Collecting 10 samples in estimated 10.225 s (605 iterations)
Benchmarking m3/kzg_commit_pieza: Analyzing
m3/kzg_commit_pieza     time:   [16.753 ms 16.822 ms 16.964 ms]
                        thrpt:  [58.950  elem/s 59.447  elem/s 59.692  elem/s]
Found 2 outliers among 10 measurements (20.00%)
  2 (20.00%) high mild
Benchmarking m3/erasure_recover_poly
Benchmarking m3/erasure_recover_poly: Warming up for 1.0000 s
Benchmarking m3/erasure_recover_poly: Collecting 10 samples in estimated 11.130 s (165 iterations)
Benchmarking m3/erasure_recover_poly: Analyzing
m3/erasure_recover_poly time:   [69.462 ms 71.729 ms 73.373 ms]
                        thrpt:  [13.629  elem/s 13.941  elem/s 14.396  elem/s]
Benchmarking m3/kzg_chunk_witness
Benchmarking m3/kzg_chunk_witness: Warming up for 1.0000 s
Benchmarking m3/kzg_chunk_witness: Collecting 10 samples in estimated 10.653 s (550 iterations)
Benchmarking m3/kzg_chunk_witness: Analyzing
m3/kzg_chunk_witness    time:   [18.326 ms 19.000 ms 20.227 ms]
                        thrpt:  [49.440  elem/s 52.632  elem/s 54.568  elem/s]
Found 2 outliers among 10 measurements (20.00%)
  1 (10.00%) high mild
  1 (10.00%) high severe
Benchmarking m3/tabla_para_la_semilla_ganadora
Benchmarking m3/tabla_para_la_semilla_ganadora: Warming up for 1.0000 s
Benchmarking m3/tabla_para_la_semilla_ganadora: Collecting 10 samples in estimated 17.659 s (20 iterations)
Benchmarking m3/tabla_para_la_semilla_ganadora: Analyzing
m3/tabla_para_la_semilla_ganadora
                        time:   [806.99 ms 819.46 ms 833.98 ms]
                        thrpt:  [1.1991  elem/s 1.2203  elem/s 1.2392  elem/s]
Found 1 outliers among 10 measurements (10.00%)
  1 (10.00%) high mild

Benchmarking m3_io/leer_pieza_local_1MiB
Benchmarking m3_io/leer_pieza_local_1MiB: Warming up for 1.0000 s
Benchmarking m3_io/leer_pieza_local_1MiB: Collecting 10 samples in estimated 10.001 s (477k iterations)
Benchmarking m3_io/leer_pieza_local_1MiB: Analyzing
m3_io/leer_pieza_local_1MiB
                        time:   [21.017 µs 21.475 µs 22.002 µs]
                        thrpt:  [44.386 GiB/s 45.475 GiB/s 46.465 GiB/s]
Found 4 outliers among 10 measurements (40.00%)
  2 (20.00%) low mild
  1 (10.00%) high mild
  1 (10.00%) high severe

=== M4 · cono, respuesta por bucket (Criterion) ===
    Finished `bench` profile [optimized] target(s) in 0.04s
     Running benches/m4_cono.rs (/home/katana/zeo/ZEROX/P-ZRX/P-INTENTO/investigacion/target/release/deps/m4_cono-ab749cb4b78ad69b)
[M4] tabla compacta = 5251072 B, 32768 pruebas, sondas = SBucket(0) SBucket(32769) SBucket(54985)
Benchmarking m4/responder_1_bucket_mapa_compacto_bajo
Benchmarking m4/responder_1_bucket_mapa_compacto_bajo: Warming up for 2.0000 s
Benchmarking m4/responder_1_bucket_mapa_compacto_bajo: Collecting 10 samples in estimated 5.0000 s (7.3B iterations)
Benchmarking m4/responder_1_bucket_mapa_compacto_bajo: Analyzing
m4/responder_1_bucket_mapa_compacto_bajo
                        time:   [702.57 ps 714.71 ps 726.79 ps]
                        thrpt:  [1.3759 Gelem/s 1.3992 Gelem/s 1.4233 Gelem/s]
Benchmarking m4/responder_1_bucket_mapa_compacto_medio
Benchmarking m4/responder_1_bucket_mapa_compacto_medio: Warming up for 2.0000 s
Benchmarking m4/responder_1_bucket_mapa_compacto_medio: Collecting 10 samples in estimated 5.0001 s (4.1M iterations)
Benchmarking m4/responder_1_bucket_mapa_compacto_medio: Analyzing
m4/responder_1_bucket_mapa_compacto_medio
                        time:   [1.1974 µs 1.2080 µs 1.2230 µs]
                        thrpt:  [817.63 Kelem/s 827.80 Kelem/s 835.11 Kelem/s]
Benchmarking m4/responder_1_bucket_mapa_compacto_alto
Benchmarking m4/responder_1_bucket_mapa_compacto_alto: Warming up for 2.0000 s
Benchmarking m4/responder_1_bucket_mapa_compacto_alto: Collecting 10 samples in estimated 5.0001 s (2.5M iterations)
Benchmarking m4/responder_1_bucket_mapa_compacto_alto: Analyzing
m4/responder_1_bucket_mapa_compacto_alto
                        time:   [1.9755 µs 1.9900 µs 2.0133 µs]
                        thrpt:  [496.69 Kelem/s 502.50 Kelem/s 506.21 Kelem/s]
Found 3 outliers among 10 measurements (30.00%)
  1 (10.00%) low mild
  2 (20.00%) high mild

[M4] construyendo las siete tablas completas...
[M4] siete tablas construidas en 756.83341ms
Benchmarking m4/responder_1_bucket_siete_tablas_medio
Benchmarking m4/responder_1_bucket_siete_tablas_medio: Warming up for 2.0000 s
Benchmarking m4/responder_1_bucket_siete_tablas_medio: Collecting 10 samples in estimated 5.0000 s (44M iterations)
Benchmarking m4/responder_1_bucket_siete_tablas_medio: Analyzing
m4/responder_1_bucket_siete_tablas_medio
                        time:   [111.30 ns 111.92 ns 112.69 ns]
                        thrpt:  [8.8740 Melem/s 8.9353 Melem/s 8.9848 Melem/s]
Found 2 outliers among 10 measurements (20.00%)
  1 (10.00%) low mild
  1 (10.00%) high mild

=== M4 · cono, coste de las tablas (Instant, n=3) ===
[cono] rep 0 hecha
[cono] rep 1 hecha
[cono] rep 2 hecha
METRICA	segundos
create_siete_tablas	0.756997
create_proofs	0.833873
create_proofs_parallel_24h	0.123055
cota_superior_poda_extraccion	0.076876
fraccion_podable_sobre_create_proofs	0.092191
pruebas_por_tabla	32768
sizeof_Proofs20_bytes	5251072
# create=[0.741979006, 0.756997068, 0.835857074]
# create_proofs=[0.825566091, 0.833872932, 0.858898562]
# create_proofs_parallel=[0.122099366, 0.123055448, 0.124301093]
=== M1 · RAM por tabla viva ===
RAM	tablas=8	sizeof_Proofs=5251072	delta_kb=85360	byte_por_tabla=10926080
=== M1 · rendimiento agregado por hilos ===
MODO	HILOS	REP	SEGUNDOS	TABLAS	tablas_por_s	ms_por_tabla	rss_pico_kb	uj
single	1	0	12	15	1.198478	834.391667	4376	no_leible
single	1	1	12	14	1.145075	873.305012	6848	no_leible
single	1	2	12	15	1.195014	836.810410	6848	no_leible
# MEDIANA	single	1	tablas_por_s=1.195014	ms_por_tabla=836.810410
MODO	HILOS	REP	SEGUNDOS	TABLAS	tablas_por_s	ms_por_tabla	rss_pico_kb	uj
parallel	1	0	12	15	1.175657	850.588091	2944	no_leible
parallel	1	1	12	15	1.194491	837.176474	6724	no_leible
parallel	1	2	12	14	1.143734	874.329520	6724	no_leible
# MEDIANA	parallel	1	tablas_por_s=1.175657	ms_por_tabla=850.588091
MODO	HILOS	REP	SEGUNDOS	TABLAS	tablas_por_s	ms_por_tabla	rss_pico_kb	uj
single	2	0	12	28	2.262743	441.941491	5828	no_leible
single	2	1	12	30	2.354362	424.743587	10772	no_leible
single	2	2	12	29	2.285164	437.605348	10772	no_leible
# MEDIANA	single	2	tablas_por_s=2.285164	ms_por_tabla=437.605348
MODO	HILOS	REP	SEGUNDOS	TABLAS	tablas_por_s	ms_por_tabla	rss_pico_kb	uj
parallel	2	0	12	25	2.049964	487.813331	3004	no_leible
parallel	2	1	12	26	2.106251	474.777160	6784	no_leible
parallel	2	2	12	27	2.193587	455.874370	6784	no_leible
# MEDIANA	parallel	2	tablas_por_s=2.106251	ms_por_tabla=474.777160
MODO	HILOS	REP	SEGUNDOS	TABLAS	tablas_por_s	ms_por_tabla	rss_pico_kb	uj
corrupted size vs. prev_size while consolidating
./ejecutar-mediciones.sh: línea 60:   294 Abortado                   (`core' generado) "$CARGO_TARGET_DIR/release/escalado" --modo single --hilos "$h" --segundos 12 --reps 3 2>&1
       295 Hecho                      | tee -a mediciones/m1_escalado.txt
