    Finished `test` profile [unoptimized + debuginfo] target(s) in 0.02s
     Running tests/diferencial_t01.rs (target/debug/deps/diferencial_t01-67e7e38912278acd)

running 1 test
test diferencial_t01 has been running for over 60 seconds
casos leidos      = 2055
con sufijo PoST   = 1947
discrepancias     = 5511
por nombre de caso:
  X-01: 3 casos, 0 con discrepancia
  X-02: 3 casos, 0 con discrepancia
  X-03: 3 casos, 0 con discrepancia
  X-03b: 2 casos, 0 con discrepancia
  X-04: 1 casos, 0 con discrepancia
  X-05: 3 casos, 0 con discrepancia
  X-06: 3 casos, 0 con discrepancia
  X-07: 3 casos, 0 con discrepancia
  X-08: 3 casos, 0 con discrepancia
  X-09: 3 casos, 0 con discrepancia
  X-10: 3 casos, 0 con discrepancia
  X-11b: 3 casos, 0 con discrepancia
  X-11c: 3 casos, 0 con discrepancia
  X-13: 3 casos, 0 con discrepancia
  X-14: 3 casos, 0 con discrepancia
  X-16: 3 casos, 0 con discrepancia
  X-17: 3 casos, 0 con discrepancia
  X-18: 3 casos, 0 con discrepancia
  X-19: 1 casos, 0 con discrepancia
  X-20: 3 casos, 0 con discrepancia
  aleatorio: 2000 casos, 967 con discrepancia
  CASO 56 (aleatorio) bloque 6 RES esperado=OK obtenido=ErrDobleGasto
  CASO 56 (aleatorio) SEL esperado=6 obtenido=5
  CASO 56 (aleatorio) UTXO esperado=[(1, 1, 2, -1, 1), (1, 1, 2, -1, 4), (1, 10, 0, 2, -1)] obtenido=[(1, 1, 2, -1, 1), (1, 10, 0, 2, -1)]
  CASO 56 (aleatorio) GAR esperado=["GAR clave=1 activo=9 pend=[] ret=[] cred=[3@s5] congelado=0", "GAR clave=2 activo=5 pend=[] ret=[] cred=[] congelado=0"] obtenido=["GAR clave=1 activo=6 pend=[] ret=[1@s2] cred=[3@s3] congelado=0", "GAR clave=2 activo=5 pend=[] ret=[] cred=[] congelado=0"]
  CASO 56 (aleatorio) EST esperado=EST emitido=29 quemado=0 fase=FasePoST terminal=3 altura=2 slot=4 peso_sufijo=3 obtenido=EST emitido=26 quemado=0 fase=FasePoST terminal=3 altura=2 slot=2 peso_sufijo=2
  CASO 57 (aleatorio) bloque 6 RES esperado=OK obtenido=ErrDobleGasto
  CASO 57 (aleatorio) bloque 10 RES esperado=ErrPowTrasCorte obtenido=ErrSinPadre
  CASO 57 (aleatorio) SEL esperado=6 obtenido=5
  CASO 57 (aleatorio) UTXO esperado=[(1, 1, 2, -1, 1), (1, 1, 2, -1, 3), (1, 10, 0, 2, -1)] obtenido=[(1, 1, 2, -1, 1), (1, 10, 0, 2, -1)]
  CASO 57 (aleatorio) GAR esperado=["GAR clave=1 activo=6 pend=[] ret=[] cred=[3@s4,3@s5] congelado=0", "GAR clave=2 activo=5 pend=[] ret=[] cred=[] congelado=0"] obtenido=["GAR clave=1 activo=3 pend=[] ret=[1@s2] cred=[3@s3,3@s4] congelado=0", "GAR clave=2 activo=5 pend=[] ret=[] cred=[] congelado=0"]
  CASO 57 (aleatorio) EST esperado=EST emitido=29 quemado=0 fase=FasePoST terminal=3 altura=2 slot=3 peso_sufijo=3 obtenido=EST emitido=26 quemado=0 fase=FasePoST terminal=3 altura=2 slot=2 peso_sufijo=2
  CASO 58 (aleatorio) bloque 6 RES esperado=OK obtenido=ErrDobleGasto
  CASO 58 (aleatorio) SEL esperado=6 obtenido=5
  CASO 58 (aleatorio) UTXO esperado=[(1, 1, 2, -1, 2), (1, 1, 2, -1, 6), (1, 10, 0, 2, -1)] obtenido=[(1, 1, 2, -1, 2), (1, 10, 0, 2, -1)]
  CASO 58 (aleatorio) GAR esperado=["GAR clave=1 activo=9 pend=[] ret=[] cred=[3@s7] congelado=0", "GAR clave=2 activo=5 pend=[] ret=[] cred=[] congelado=0"] obtenido=["GAR clave=1 activo=6 pend=[] ret=[1@s4] cred=[3@s5] congelado=0", "GAR clave=2 activo=5 pend=[] ret=[] cred=[] congelado=0"]
  CASO 58 (aleatorio) EST esperado=EST emitido=29 quemado=0 fase=FasePoST terminal=3 altura=2 slot=6 peso_sufijo=3 obtenido=EST emitido=26 quemado=0 fase=FasePoST terminal=3 altura=2 slot=4 peso_sufijo=2
  CASO 59 (aleatorio) bloque 6 RES esperado=OK obtenido=ErrDobleGasto
  CASO 59 (aleatorio) bloque 7 RES esperado=ErrSlot obtenido=ErrSinPadre
  CASO 59 (aleatorio) SEL esperado=6 obtenido=5
  CASO 59 (aleatorio) UTXO esperado=[(1, 1, 2, -1, 2), (1, 1, 2, -1, 6), (1, 10, 0, 2, -1)] obtenido=[(1, 1, 2, -1, 2), (1, 10, 0, 2, -1)]
  CASO 59 (aleatorio) GAR esperado=["GAR clave=1 activo=9 pend=[] ret=[] cred=[3@s8] congelado=0", "GAR clave=2 activo=5 pend=[] ret=[] cred=[] congelado=0"] obtenido=["GAR clave=1 activo=6 pend=[] ret=[1@s4] cred=[3@s6] congelado=0", "GAR clave=2 activo=5 pend=[] ret=[] cred=[] congelado=0"]
  CASO 59 (aleatorio) EST esperado=EST emitido=29 quemado=0 fase=FasePoST terminal=3 altura=2 slot=6 peso_sufijo=3 obtenido=EST emitido=26 quemado=0 fase=FasePoST terminal=3 altura=2 slot=4 peso_sufijo=2
  CASO 60 (aleatorio) bloque 6 RES esperado=OK obtenido=ErrDobleGasto
  CASO 60 (aleatorio) SEL esperado=6 obtenido=5
  CASO 60 (aleatorio) UTXO esperado=[(1, 1, 2, -1, 2), (1, 1, 2, -1, 4), (1, 10, 0, 2, -1)] obtenido=[(1, 1, 2, -1, 2), (1, 10, 0, 2, -1)]
  CASO 60 (aleatorio) GAR esperado=["GAR clave=1 activo=9 pend=[] ret=[] cred=[3@s5] congelado=0", "GAR clave=2 activo=5 pend=[] ret=[] cred=[] congelado=0"] obtenido=["GAR clave=1 activo=6 pend=[] ret=[1@s3] cred=[3@s4] congelado=0", "GAR clave=2 activo=5 pend=[] ret=[] cred=[] congelado=0"]
  CASO 60 (aleatorio) EST esperado=EST emitido=29 quemado=0 fase=FasePoST terminal=3 altura=2 slot=4 peso_sufijo=3 obtenido=EST emitido=26 quemado=0 fase=FasePoST terminal=3 altura=2 slot=3 peso_sufijo=2
  CASO 61 (aleatorio) bloque 6 RES esperado=OK obtenido=ErrDobleGasto
  CASO 61 (aleatorio) bloque 8 RES esperado=ErrPowTrasCorte obtenido=ErrSinPadre
  CASO 61 (aleatorio) SEL esperado=6 obtenido=5
  CASO 61 (aleatorio) UTXO esperado=[(1, 1, 2, -1, 1), (1, 1, 2, -1, 4), (1, 10, 0, 2, -1)] obtenido=[(1, 1, 2, -1, 1), (1, 10, 0, 2, -1)]
  CASO 61 (aleatorio) GAR esperado=["GAR clave=1 activo=9 pend=[] ret=[] cred=[3@s6] congelado=0", "GAR clave=2 activo=5 pend=[] ret=[] cred=[] congelado=0"] obtenido=["GAR clave=1 activo=3 pend=[] ret=[1@s2] cred=[3@s3,3@s4] congelado=0", "GAR clave=2 activo=5 pend=[] ret=[] cred=[] congelado=0"]
  CASO 61 (aleatorio) EST esperado=EST emitido=29 quemado=0 fase=FasePoST terminal=3 altura=2 slot=4 peso_sufijo=3 obtenido=EST emitido=26 quemado=0 fase=FasePoST terminal=3 altura=2 slot=2 peso_sufijo=2
  CASO 62 (aleatorio) bloque 6 RES esperado=OK obtenido=ErrDobleGasto
  CASO 62 (aleatorio) SEL esperado=6 obtenido=5
  CASO 62 (aleatorio) UTXO esperado=[(1, 1, 2, -1, 1), (1, 1, 2, -1, 5), (1, 10, 0, 2, -1)] obtenido=[(1, 1, 2, -1, 1), (1, 10, 0, 2, -1)]
  CASO 62 (aleatorio) GAR esperado=["GAR clave=1 activo=9 pend=[] ret=[] cred=[3@s6] congelado=0", "GAR clave=2 activo=5 pend=[] ret=[] cred=[] congelado=0"] obtenido=["GAR clave=1 activo=6 pend=[] ret=[1@s3] cred=[3@s4] congelado=0", "GAR clave=2 activo=5 pend=[] ret=[] cred=[] congelado=0"]
  CASO 62 (aleatorio) EST esperado=EST emitido=29 quemado=0 fase=FasePoST terminal=3 altura=2 slot=5 peso_sufijo=3 obtenido=EST emitido=26 quemado=0 fase=FasePoST terminal=3 altura=2 slot=3 peso_sufijo=2
  CASO 63 (aleatorio) bloque 6 RES esperado=OK obtenido=ErrDobleGasto
  CASO 63 (aleatorio) SEL esperado=6 obtenido=5


thread 'diferencial_t01' (39) panicked at crates/zx-consensus/tests/diferencial_t01.rs:1030:5:
diferencial T01 con 5511 discrepancias:
casos leidos      = 2055
con sufijo PoST   = 1947
discrepancias     = 5511
por nombre de caso:
  X-01: 3 casos, 0 con discrepancia
  X-02: 3 casos, 0 con discrepancia
  X-03: 3 casos, 0 con discrepancia
  X-03b: 2 casos, 0 con discrepancia
  X-04: 1 casos, 0 con discrepancia
  X-05: 3 casos, 0 con discrepancia
  X-06: 3 casos, 0 con discrepancia
  X-07: 3 casos, 0 con discrepancia
  X-08: 3 casos, 0 con discrepancia
  X-09: 3 casos, 0 con discrepancia
  X-10: 3 casos, 0 con discrepancia
  X-11b: 3 casos, 0 con discrepancia
  X-11c: 3 casos, 0 con discrepancia
  X-13: 3 casos, 0 con discrepancia
  X-14: 3 casos, 0 con discrepancia
  X-16: 3 casos, 0 con discrepancia
  X-17: 3 casos, 0 con discrepancia
  X-18: 3 casos, 0 con discrepancia
  X-19: 1 casos, 0 con discrepancia
  X-20: 3 casos, 0 con discrepancia
  aleatorio: 2000 casos, 967 con discrepancia
  CASO 56 (aleatorio) bloque 6 RES esperado=OK obtenido=ErrDobleGasto
  CASO 56 (aleatorio) SEL esperado=6 obtenido=5
  CASO 56 (aleatorio) UTXO esperado=[(1, 1, 2, -1, 1), (1, 1, 2, -1, 4), (1, 10, 0, 2, -1)] obtenido=[(1, 1, 2, -1, 1), (1, 10, 0, 2, -1)]
  CASO 56 (aleatorio) GAR esperado=["GAR clave=1 activo=9 pend=[] ret=[] cred=[3@s5] congelado=0", "GAR clave=2 activo=5 pend=[] ret=[] cred=[] congelado=0"] obtenido=["GAR clave=1 activo=6 pend=[] ret=[1@s2] cred=[3@s3] congelado=0", "GAR clave=2 activo=5 pend=[] ret=[] cred=[] congelado=0"]
  CASO 56 (aleatorio) EST esperado=EST emitido=29 quemado=0 fase=FasePoST terminal=3 altura=2 slot=4 peso_sufijo=3 obtenido=EST emitido=26 quemado=0 fase=FasePoST terminal=3 altura=2 slot=2 peso_sufijo=2
  CASO 57 (aleatorio) bloque 6 RES esperado=OK obtenido=ErrDobleGasto
  CASO 57 (aleatorio) bloque 10 RES esperado=ErrPowTrasCorte obtenido=ErrSinPadre
  CASO 57 (aleatorio) SEL esperado=6 obtenido=5
  CASO 57 (aleatorio) UTXO esperado=[(1, 1, 2, -1, 1), (1, 1, 2, -1, 3), (1, 10, 0, 2, -1)] obtenido=[(1, 1, 2, -1, 1), (1, 10, 0, 2, -1)]
  CASO 57 (aleatorio) GAR esperado=["GAR clave=1 activo=6 pend=[] ret=[] cred=[3@s4,3@s5] congelado=0", "GAR clave=2 activo=5 pend=[] ret=[] cred=[] congelado=0"] obtenido=["GAR clave=1 activo=3 pend=[] ret=[1@s2] cred=[3@s3,3@s4] congelado=0", "GAR clave=2 activo=5 pend=[] ret=[] cred=[] congelado=0"]
  CASO 57 (aleatorio) EST esperado=EST emitido=29 quemado=0 fase=FasePoST terminal=3 altura=2 slot=3 peso_sufijo=3 obtenido=EST emitido=26 quemado=0 fase=FasePoST terminal=3 altura=2 slot=2 peso_sufijo=2
  CASO 58 (aleatorio) bloque 6 RES esperado=OK obtenido=ErrDobleGasto
  CASO 58 (aleatorio) SEL esperado=6 obtenido=5
  CASO 58 (aleatorio) UTXO esperado=[(1, 1, 2, -1, 2), (1, 1, 2, -1, 6), (1, 10, 0, 2, -1)] obtenido=[(1, 1, 2, -1, 2), (1, 10, 0, 2, -1)]
  CASO 58 (aleatorio) GAR esperado=["GAR clave=1 activo=9 pend=[] ret=[] cred=[3@s7] congelado=0", "GAR clave=2 activo=5 pend=[] ret=[] cred=[] congelado=0"] obtenido=["GAR clave=1 activo=6 pend=[] ret=[1@s4] cred=[3@s5] congelado=0", "GAR clave=2 activo=5 pend=[] ret=[] cred=[] congelado=0"]
  CASO 58 (aleatorio) EST esperado=EST emitido=29 quemado=0 fase=FasePoST terminal=3 altura=2 slot=6 peso_sufijo=3 obtenido=EST emitido=26 quemado=0 fase=FasePoST terminal=3 altura=2 slot=4 peso_sufijo=2
  CASO 59 (aleatorio) bloque 6 RES esperado=OK obtenido=ErrDobleGasto
  CASO 59 (aleatorio) bloque 7 RES esperado=ErrSlot obtenido=ErrSinPadre
  CASO 59 (aleatorio) SEL esperado=6 obtenido=5
  CASO 59 (aleatorio) UTXO esperado=[(1, 1, 2, -1, 2), (1, 1, 2, -1, 6), (1, 10, 0, 2, -1)] obtenido=[(1, 1, 2, -1, 2), (1, 10, 0, 2, -1)]
  CASO 59 (aleatorio) GAR esperado=["GAR clave=1 activo=9 pend=[] ret=[] cred=[3@s8] congelado=0", "GAR clave=2 activo=5 pend=[] ret=[] cred=[] congelado=0"] obtenido=["GAR clave=1 activo=6 pend=[] ret=[1@s4] cred=[3@s6] congelado=0", "GAR clave=2 activo=5 pend=[] ret=[] cred=[] congelado=0"]
  CASO 59 (aleatorio) EST esperado=EST emitido=29 quemado=0 fase=FasePoST terminal=3 altura=2 slot=6 peso_sufijo=3 obtenido=EST emitido=26 quemado=0 fase=FasePoST terminal=3 altura=2 slot=4 peso_sufijo=2
  CASO 60 (aleatorio) bloque 6 RES esperado=OK obtenido=ErrDobleGasto
  CASO 60 (aleatorio) SEL esperado=6 obtenido=5
  CASO 60 (aleatorio) UTXO esperado=[(1, 1, 2, -1, 2), (1, 1, 2, -1, 4), (1, 10, 0, 2, -1)] obtenido=[(1, 1, 2, -1, 2), (1, 10, 0, 2, -1)]
  CASO 60 (aleatorio) GAR esperado=["GAR clave=1 activo=9 pend=[] ret=[] cred=[3@s5] congelado=0", "GAR clave=2 activo=5 pend=[] ret=[] cred=[] congelado=0"] obtenido=["GAR clave=1 activo=6 pend=[] ret=[1@s3] cred=[3@s4] congelado=0", "GAR clave=2 activo=5 pend=[] ret=[] cred=[] congelado=0"]
  CASO 60 (aleatorio) EST esperado=EST emitido=29 quemado=0 fase=FasePoST terminal=3 altura=2 slot=4 peso_sufijo=3 obtenido=EST emitido=26 quemado=0 fase=FasePoST terminal=3 altura=2 slot=3 peso_sufijo=2
  CASO 61 (aleatorio) bloque 6 RES esperado=OK obtenido=ErrDobleGasto
  CASO 61 (aleatorio) bloque 8 RES esperado=ErrPowTrasCorte obtenido=ErrSinPadre
  CASO 61 (aleatorio) SEL esperado=6 obtenido=5
  CASO 61 (aleatorio) UTXO esperado=[(1, 1, 2, -1, 1), (1, 1, 2, -1, 4), (1, 10, 0, 2, -1)] obtenido=[(1, 1, 2, -1, 1), (1, 10, 0, 2, -1)]
  CASO 61 (aleatorio) GAR esperado=["GAR clave=1 activo=9 pend=[] ret=[] cred=[3@s6] congelado=0", "GAR clave=2 activo=5 pend=[] ret=[] cred=[] congelado=0"] obtenido=["GAR clave=1 activo=3 pend=[] ret=[1@s2] cred=[3@s3,3@s4] congelado=0", "GAR clave=2 activo=5 pend=[] ret=[] cred=[] congelado=0"]
  CASO 61 (aleatorio) EST esperado=EST emitido=29 quemado=0 fase=FasePoST terminal=3 altura=2 slot=4 peso_sufijo=3 obtenido=EST emitido=26 quemado=0 fase=FasePoST terminal=3 altura=2 slot=2 peso_sufijo=2
  CASO 62 (aleatorio) bloque 6 RES esperado=OK obtenido=ErrDobleGasto
  CASO 62 (aleatorio) SEL esperado=6 obtenido=5
  CASO 62 (aleatorio) UTXO esperado=[(1, 1, 2, -1, 1), (1, 1, 2, -1, 5), (1, 10, 0, 2, -1)] obtenido=[(1, 1, 2, -1, 1), (1, 10, 0, 2, -1)]
  CASO 62 (aleatorio) GAR esperado=["GAR clave=1 activo=9 pend=[] ret=[] cred=[3@s6] congelado=0", "GAR clave=2 activo=5 pend=[] ret=[] cred=[] congelado=0"] obtenido=["GAR clave=1 activo=6 pend=[] ret=[1@s3] cred=[3@s4] congelado=0", "GAR clave=2 activo=5 pend=[] ret=[] cred=[] congelado=0"]
  CASO 62 (aleatorio) EST esperado=EST emitido=29 quemado=0 fase=FasePoST terminal=3 altura=2 slot=5 peso_sufijo=3 obtenido=EST emitido=26 quemado=0 fase=FasePoST terminal=3 altura=2 slot=3 peso_sufijo=2
  CASO 63 (aleatorio) bloque 6 RES esperado=OK obtenido=ErrDobleGasto
  CASO 63 (aleatorio) SEL esperado=6 obtenido=5

note: run with `RUST_BACKTRACE=1` environment variable to display a backtrace
test diferencial_t01 ... FAILED

failures:

failures:
    diferencial_t01

test result: FAILED. 0 passed; 1 failed; 0 ignored; 0 measured; 0 filtered out; finished in 185.92s

error: test failed, to rerun pass `-p zx-consensus --test diferencial_t01`
