    Updating crates.io index
    Updating git repository `https://github.com/grandinetech/rust-kzg`
 Downloading crates ...
  Downloaded cpufeatures v0.2.17
  Downloaded cpufeatures v0.3.1
  Downloaded cpubits v0.1.1
  Downloaded crossbeam-deque v0.8.7
  Downloaded critical-section v1.2.0
  Downloaded heck v0.5.0
  Downloaded idna_adapter v1.2.2
  Downloaded crossbeam-channel v0.5.16
  Downloaded crossbeam-epoch v0.9.20
  Downloaded crypto-common v0.2.2
  Downloaded ctr v0.9.2
  Downloaded radium v0.7.0
  Downloaded event-listener-strategy v0.5.4
  Downloaded if-addrs v0.15.0
  Downloaded data-encoding-macro-internal v0.1.19
  Downloaded rustc-hex v2.1.0
  Downloaded form_urlencoded v1.2.2
  Downloaded getrandom_or_panic v0.0.3
  Downloaded rand_xorshift v0.4.0
  Downloaded rand_pcg v0.10.2
  Downloaded enum-as-inner v0.6.1
  Downloaded rand_chacha v0.3.1
  Downloaded fnv v1.0.7
  Downloaded funty v2.0.0
  Downloaded quinn-udp v0.5.15
  Downloaded quote v1.0.47
  Downloaded rustc_version v0.4.1
  Downloaded rusticata-macros v4.1.0
  Downloaded rw-stream-sink v0.4.0
  Downloaded scopeguard v1.2.0
  Downloaded fixed-hash v0.8.0
  Downloaded seq-macro v0.3.6
  Downloaded serde-big-array v0.5.1
  Downloaded futures-sink v0.3.34
  Downloaded futures-macro v0.3.34
  Downloaded scale-info-derive v2.11.6
  Downloaded dtoa v1.0.11
  Downloaded fastrand v2.5.0
  Downloaded rustc-hash v2.1.3
  Downloaded signature v2.2.0
  Downloaded siphasher v1.0.3
  Downloaded sponge-cursor v0.1.0
  Downloaded ringbuf v0.3.3
  Downloaded rand_chacha v0.9.0
  Downloaded redox_syscall v0.5.18
  Downloaded rand_core v0.9.5
  Downloaded rand_core v0.6.4
  Downloaded rand_core v0.10.1
  Downloaded generic-array v0.14.7
  Downloaded hex_fmt v0.3.0
  Downloaded futures-bounded v0.2.4
  Downloaded futures-io v0.3.34
  Downloaded tagptr v0.2.0
  Downloaded thread_local v1.1.10
  Downloaded quick-error v1.2.3
  Downloaded tinyvec_macros v0.1.1
  Downloaded tower-service v0.3.3
  Downloaded stable_deref_trait v1.2.1
  Downloaded tokio-macros v2.7.2
  Downloaded inout v0.1.4
  Downloaded tap v1.0.1
  Downloaded system-configuration-sys v0.6.0
  Downloaded time-core v0.1.9
  Downloaded subtle v2.6.1
  Downloaded threadpool v1.8.1
  Downloaded keccak v0.1.6
  Downloaded strsim v0.11.1
  Downloaded sha2 v0.10.9
  Downloaded serde_bytes v0.11.19
  Downloaded shlex v2.0.1
  Downloaded resolv-conf v0.7.6
  Downloaded rustversion v1.0.23
  Downloaded signal-hook-registry v1.4.8
  Downloaded thiserror-impl v1.0.69
  Downloaded spki v0.7.3
  Downloaded synstructure v0.13.2
  Downloaded smallvec v1.16.0
  Downloaded rusty-fork v0.3.1
  Downloaded thiserror v1.0.69
  Downloaded crunchy v0.2.4
  Downloaded curve25519-dalek-derive v0.1.1
  Downloaded data-encoding-macro v0.1.21
  Downloaded futures-task v0.3.34
  Downloaded http-body v1.1.0
  Downloaded r-efi v5.3.0
  Downloaded r-efi v6.0.0
  Downloaded ghash v0.5.1
  Downloaded num-conv v0.2.2
  Downloaded thiserror v2.0.20
  Downloaded toml_datetime v1.1.1+spec-1.1.0
  Downloaded convert_case v0.10.0
  Downloaded slab v0.4.12
  Downloaded system-configuration v0.7.0
  Downloaded rustls-pki-types v1.15.1
  Downloaded scale-info v2.11.6
  Downloaded semver v1.0.28
  Downloaded sha2 v0.11.0
  Downloaded spin v0.12.3
  Downloaded tracing-attributes v0.1.31
  Downloaded merlin v3.0.0
  Downloaded static_assertions v1.1.0
  Downloaded thiserror-impl v2.0.20
  Downloaded time-macros v0.2.32
  Downloaded tinystr v0.8.4
  Downloaded toml_parser v1.1.3+spec-1.1.0
  Downloaded libp2p-dns v0.44.0
  Downloaded libp2p-mdns v0.48.0
  Downloaded libp2p-tls v0.6.2
  Downloaded rtnetlink v0.20.0
  Downloaded serde_core v1.0.229
  Downloaded rayon-core v1.13.0
  Downloaded rcgen v0.13.2
  Downloaded netlink-packet-core v0.8.2
  Downloaded socket2 v0.6.5
  Downloaded futures-core v0.3.34
  Downloaded socket2 v0.5.10
  Downloaded sharded-slab v0.1.7
  Downloaded tinyvec v1.13.2
  Downloaded equivalent v1.0.2
  Downloaded schnorrkel v0.11.5
  Downloaded serde_derive v1.0.229
  Downloaded tempfile v3.24.0
  Downloaded parking_lot v0.12.5
  Downloaded pem-rfc7468 v0.7.0
  Downloaded ppv-lite86 v0.2.21
  Downloaded toml_edit v0.25.13+spec-1.1.0
  Downloaded rustls-webpki v0.103.15
  Downloaded block-buffer v0.12.1
  Downloaded rand v0.8.8
  Downloaded rand v0.9.5
  Downloaded serde v1.0.229
  Downloaded unsigned-varint v0.8.0
  Downloaded wait-timeout v0.2.1
  Downloaded want v0.3.1
  Downloaded windows-link v0.2.1
  Downloaded zerofrom v0.1.8
  Downloaded aead v0.5.2
  Downloaded asn1-rs-derive v0.6.0
  Downloaded base-x v0.2.11
  Downloaded utf8parse v0.2.2
  Downloaded web-time v1.1.0
  Downloaded base256emoji v1.0.2
  Downloaded rand v0.10.2
  Downloaded minimal-lexical v0.2.1
  Downloaded tracing-core v0.1.36
  Downloaded wyz v0.5.1
  Downloaded autocfg v1.5.1
  Downloaded anstyle v1.0.14
  Downloaded windows-core v0.62.2
  Downloaded num-bigint v0.4.8
  Downloaded anyhow v1.0.104
  Downloaded crypto-common v0.1.7
  Downloaded blake2 v0.10.6
  Downloaded primitive-types v0.14.0
  Downloaded keccak v0.2.2
  Downloaded nohash-hasher v0.2.0
  Downloaded cipher v0.4.4
  Downloaded proc-macro-crate v3.5.0
  Downloaded colorchoice v1.0.5
  Downloaded regex v1.13.1
  Downloaded universal-hash v0.5.1
  Downloaded unsigned-varint v0.7.2
  Downloaded libp2p-noise v0.46.1
  Downloaded num-integer v0.1.47
  Downloaded rayon v1.12.0
  Downloaded digest v0.11.3
  Downloaded ed25519 v2.2.3
  Downloaded errno v0.3.14
  Downloaded untrusted v0.9.0
  Downloaded utf8_iter v1.0.4
  Downloaded deranged v0.5.8
  Downloaded fastbloom v0.17.0
  Downloaded find-msvc-tools v0.1.12
  Downloaded windows-targets v0.52.6
  Downloaded const-oid v0.9.6
  Downloaded digest v0.10.7
  Downloaded anstyle-wincon v3.0.11
  Downloaded zerofrom-derive v0.1.7
  Downloaded zeroize_derive v1.5.0
  Downloaded anstyle-query v1.1.5
  Downloaded bit-set v0.8.0
  Downloaded base45 v3.2.0
  Downloaded concurrent-queue v2.5.0
  Downloaded libp2p-metrics v0.17.0
  Downloaded cfg-if v1.0.4
  Downloaded asn1-rs v0.7.2
  Downloaded impl-codec v0.7.1
  Downloaded matchers v0.2.0
  Downloaded num_cpus v1.17.0
  Downloaded either v1.18.0
  Downloaded foldhash v0.1.5
  Downloaded pkcs8 v0.10.2
  Downloaded typenum v1.20.1
  Downloaded unicode-segmentation v1.13.3
  Downloaded crossbeam-utils v0.8.22
  Downloaded uint v0.10.1
  Downloaded zeroize v1.9.0
  Downloaded sha3 v0.12.0
  Downloaded x25519-dalek v2.0.1
  Downloaded bytes v1.12.1
  Downloaded impl-trait-for-tuples v0.2.3
  Downloaded libp2p-connection-limits v0.6.0
  Downloaded chacha20poly1305 v0.10.1
  Downloaded tokio-util v0.7.19
  Downloaded lazy_static v1.5.0
  Downloaded const-oid v0.10.2
  Downloaded libp2p-allow-block-list v0.6.0
  Downloaded konst v0.2.20
  Downloaded zerocopy-derive v0.8.56
  Downloaded lru-slab v0.1.2
  Downloaded opaque-debug v0.3.1
  Downloaded powerfmt v0.2.0
  Downloaded arrayref v0.3.9
  Downloaded uuid v1.26.0
  Downloaded byte-slice-cast v1.2.3
  Downloaded prometheus-client-derive-encode v0.4.2
  Downloaded windows-strings v0.5.1
  Downloaded inout v0.2.2
  Downloaded const_format v0.2.36
  Downloaded constant_time_eq v0.4.2
  Downloaded libp2p v0.56.0
  Downloaded parity-scale-codec v3.7.5
  Downloaded pin-project-internal v1.1.13
  Downloaded potential_utf v0.1.6
  Downloaded prost-derive v0.14.4
  Downloaded quinn-proto v0.11.17
  Downloaded valuable v0.1.1
  Downloaded futures-timer v3.0.4
  Downloaded hashlink v0.9.1
  Downloaded hashlink v0.10.0
  Downloaded hermit-abi v0.5.3
  Downloaded url v2.5.8
  Downloaded quinn v0.11.11
  Downloaded core-foundation v0.9.4
  Downloaded poly1305 v0.8.0
  Downloaded unarray v0.1.4
  Downloaded wasm-bindgen-shared v0.2.127
  Downloaded windows-implement v0.60.2
  Downloaded netlink-packet-route v0.28.0
  Downloaded prost v0.14.4
  Downloaded windows-result v0.4.1
  Downloaded futures-executor v0.3.34
  Downloaded futures-rustls v0.26.0
  Downloaded http-body-util v0.1.5
  Downloaded arrayvec v0.7.8
  Downloaded konst_macro_rules v0.2.19
  Downloaded multibase v0.9.3
  Downloaded cipher v0.5.2
  Downloaded nom v7.1.3
  Downloaded libp2p-ping v0.47.0
  Downloaded polling v3.11.0
  Downloaded try-lock v0.2.5
  Downloaded proc-macro2 v1.0.107
  Downloaded libp2p-yamux v0.47.0
  Downloaded multihash v0.19.5
  Downloaded parity-scale-codec-derive v3.7.5
  Downloaded tracing-log v0.2.0
  Downloaded zerovec-derive v0.11.6
  Downloaded libp2p-upnp v0.5.0
  Downloaded yoke-derive v0.8.2
  Downloaded byteorder v1.5.0
  Downloaded windows-interface v0.59.3
  Downloaded data-encoding v2.11.1
  Downloaded pem v3.0.6
  Downloaded windows-numerics v0.3.1
  Downloaded xmltree v0.10.3
  Downloaded atomic-waker v1.1.2
  Downloaded branches v0.4.6
  Downloaded memchr v2.8.3
  Downloaded block-buffer v0.10.4
  Downloaded parking v2.2.1
  Downloaded libp2p-gossipsub v0.49.5
  Downloaded base64 v0.22.1
  Downloaded attohttpc v0.30.1
  Downloaded quick-protobuf-codec v0.3.1
  Downloaded windows-threading v0.2.1
  Downloaded libp2p-core v0.43.2
  Downloaded clap_derive v4.6.4
  Downloaded aes-gcm v0.10.3
  Downloaded libp2p-swarm v0.47.1
  Downloaded netlink-sys v0.8.8
  Downloaded mio v1.2.3
  Downloaded netlink-proto v0.12.2
  Downloaded bs58 v0.5.1
  Downloaded quick-protobuf v0.8.1
  Downloaded nu-ansi-term v0.50.3
  Downloaded version_check v0.9.5
  Downloaded time v0.3.55
  Downloaded unicode-ident v1.0.24
  Downloaded libp2p-identity v0.2.14
  Downloaded libp2p-identify v0.47.0
  Downloaded widestring v1.2.1
  Downloaded chacha20 v0.9.1
  Downloaded match-lookup v0.1.3
  Downloaded ipconfig v0.3.4
  Downloaded percent-encoding v2.3.2
  Downloaded displaydoc v0.2.7
  Downloaded wasm-bindgen-macro v0.2.127
  Downloaded yamux v0.12.1
  Downloaded asynchronous-codec v0.7.0
  Downloaded event-listener v5.4.2
  Downloaded getrandom v0.2.17
  Downloaded once_cell v1.21.4
  Downloaded parking_lot_core v0.9.12
  Downloaded base64ct v1.8.3
  Downloaded multiaddr v0.18.2
  Downloaded ed25519-zebra v4.2.0
  Downloaded foldhash v0.2.0
  Downloaded ipnet v2.12.1
  Downloaded const-str v0.4.3
  Downloaded cfg_aliases v0.2.2
  Downloaded syn v3.0.4
  Downloaded async-io v2.6.0
  Downloaded syn v2.0.119
  Downloaded async-trait v0.1.92
  Downloaded unicode-xid v0.2.6
  Downloaded wasm-bindgen-macro-support v0.2.127
  Downloaded derive_more-impl v1.0.0
  Downloaded wasm-bindgen v0.2.127
  Downloaded der-parser v10.0.0
  Downloaded futures-channel v0.3.34
  Downloaded windows-registry v0.6.1
  Downloaded itoa v1.0.18
  Downloaded is_terminal_polyfill v1.70.2
  Downloaded clap_lex v1.1.0
  Downloaded wasi v0.11.1+wasi-snapshot-preview1
  Downloaded pin-project-lite v0.2.17
  Downloaded polyval v0.6.2
  Downloaded libp2p-tcp v0.44.1
  Downloaded bit-vec v0.8.0
  Downloaded const_format_proc_macros v0.2.34
  Downloaded ahash v0.8.12
  Downloaded core-foundation-sys v0.8.7
  Downloaded yamux v0.13.10
  Downloaded yasna v0.5.2
  Downloaded once_cell_polyfill v1.70.2
  Downloaded multistream-select v0.13.0
  Downloaded asn1-rs-impl v0.2.0
  Downloaded anstream v1.0.0
  Downloaded xml-rs v0.8.29
  Downloaded regex-syntax v0.8.11
  Downloaded winnow v1.0.4
  Downloaded rustls v0.23.43
  Downloaded zerovec v0.11.8
  Downloaded pin-project v1.1.13
  Downloaded num-traits v0.2.19
  Downloaded if-watch v3.2.2
  Downloaded wasip2 v1.0.4+wasi-0.2.12
  Downloaded portable-atomic v1.15.0
  Downloaded proptest v1.11.0
  Downloaded aho-corasick v1.1.5
  Downloaded hex v0.4.3
  Downloaded libm v0.2.16
  Downloaded rustix v1.1.4
  Downloaded itertools v0.14.0
  Downloaded tracing-subscriber v0.3.23
  Downloaded futures-lite v2.6.1
  Downloaded glob v0.3.4
  Downloaded httparse v1.10.1
  Downloaded tracing v0.1.44
  Downloaded hybrid-array v0.4.14
  Downloaded blst v0.3.17
  Downloaded blake3 v1.8.7
  Downloaded hmac v0.12.1
  Downloaded windows_x86_64_gnullvm v0.52.6
  Downloaded zerocopy v0.8.56
  Downloaded regex-automata v0.4.18
  Downloaded snow v0.9.6
  Downloaded lock_api v0.4.14
  Downloaded libp2p-swarm-derive v0.35.1
  Downloaded chacha20 v0.10.2
  Downloaded windows_aarch64_gnullvm v0.52.6
  Downloaded windows-collections v0.3.2
  Downloaded igd-next v0.16.2
  Downloaded paste v1.0.15
  Downloaded libp2p-quic v0.13.1
  Downloaded yoke v0.8.3
  Downloaded tokio v1.53.1
  Downloaded async-channel v2.5.0
  Downloaded windows_x86_64_msvc v0.52.6
  Downloaded windows_i686_gnu v0.52.6
  Downloaded windows_x86_64_gnu v0.52.6
  Downloaded anstyle-parse v1.0.0
  Downloaded ring v0.17.14
  Downloaded getrandom v0.3.4
  Downloaded getrandom v0.4.3
  Downloaded futures v0.3.34
  Downloaded clap v4.6.6
  Downloaded litemap v0.8.3
  Downloaded derive_more v1.0.0
  Downloaded oid-registry v0.8.1
  Downloaded windows-future v0.3.2
  Downloaded writeable v0.6.4
  Downloaded libp2p-request-response v0.29.0
  Downloaded icu_locale_core v2.3.0
  Downloaded icu_provider v2.3.1
  Downloaded bech32 v0.12.0
  Downloaded icu_normalizer_data v2.3.0
  Downloaded log v0.4.34
  Downloaded derive_more v2.1.1
  Downloaded der v0.7.10
  Downloaded ed25519-dalek v2.2.0
  Downloaded bitflags v2.13.1
  Downloaded allocator-api2 v0.2.21
  Downloaded icu_collections v2.3.0
  Downloaded windows v0.62.2
  Downloaded hickory-resolver v0.25.2
  Downloaded hyper-util v0.1.20
  Downloaded prometheus-client v0.23.1
  Downloaded wit-bindgen v0.57.1
  Downloaded derive_more-impl v2.1.1
  Downloaded bumpalo v3.20.3
  Downloaded cc v1.4.5
  Downloaded zerotrie v0.2.5
  Downloaded http v1.5.0
  Downloaded icu_properties v2.3.0
  Downloaded x509-parser v0.17.0
  Downloaded ab-blake3 v0.1.0
  Downloaded js-sys v0.3.104
  Downloaded rclite v0.4.1
  Downloaded indexmap v2.14.1
  Downloaded aes v0.9.3
  Downloaded hashbrown v0.15.5
  Downloaded hashbrown v0.17.1
  Downloaded hashbrown v0.16.1
  Downloaded libp2p-kad v0.48.0
  Downloaded hashbrown v0.14.5
  Downloaded aes v0.8.4
  Downloaded h2 v0.4.19
  Downloaded idna v1.1.0
  Downloaded hkdf v0.12.4
  Downloaded icu_properties_data v2.3.0
  Downloaded futures_ringbuf v0.4.0
  Downloaded futures-util v0.3.34
  Downloaded hyper v1.11.1
  Downloaded clap_builder v4.6.6
  Downloaded bitvec v1.1.1
  Downloaded moka v0.12.16
  Downloaded curve25519-dalek v4.1.3
  Downloaded ab-chacha8 v0.1.1
  Downloaded nix v0.30.1
  Downloaded hickory-proto v0.25.2
  Downloaded windows_i686_gnullvm v0.52.6
  Downloaded fiat-crypto v0.2.9
  Downloaded icu_normalizer v2.3.0
  Downloaded windows_aarch64_msvc v0.52.6
  Downloaded windows_i686_msvc v0.52.6
  Downloaded libc v0.2.189
  Downloaded windows-sys v0.52.0
  Downloaded windows-sys v0.61.2
  Downloaded linux-raw-sys v0.12.1
