=== rep 1 ===
DISPOSITIVO	GPU
ITERACIONES	555
SEGUNDOS	30.027337
REGISTROS_POR_S	18.483158
S_POR_REGISTRO	0.054103
=== rep 2 ===
DISPOSITIVO	GPU
ITERACIONES	551
SEGUNDOS	30.002886
REGISTROS_POR_S	18.364900
S_POR_REGISTRO	0.054452
=== rep 3 ===
DISPOSITIVO	GPU
ITERACIONES	573
SEGUNDOS	30.026049
REGISTROS_POR_S	19.083430
S_POR_REGISTRO	0.052401
=== rep 4 ===
DISPOSITIVO	GPU
ITERACIONES	540
SEGUNDOS	30.008815
REGISTROS_POR_S	17.994712
S_POR_REGISTRO	0.055572
=== rep 5 ===
DISPOSITIVO	GPU
ITERACIONES	519
SEGUNDOS	30.047905
REGISTROS_POR_S	17.272419
S_POR_REGISTRO	0.057896
