=== rep 1 (1 hilo) ===
DISPOSITIVO	CPU
HILOS_RAYON	1
ITERACIONES	38
SEGUNDOS	30.164678
REGISTROS_POR_S	1.259752
S_POR_REGISTRO	0.793807
=== rep 2 (1 hilo) ===
DISPOSITIVO	CPU
HILOS_RAYON	1
ITERACIONES	33
SEGUNDOS	30.402279
REGISTROS_POR_S	1.085445
S_POR_REGISTRO	0.921281
=== rep 3 (1 hilo) ===
DISPOSITIVO	CPU
HILOS_RAYON	1
ITERACIONES	33
SEGUNDOS	30.326818
REGISTROS_POR_S	1.088146
S_POR_REGISTRO	0.918994
=== rep 4 (1 hilo) ===
DISPOSITIVO	CPU
HILOS_RAYON	1
ITERACIONES	32
SEGUNDOS	30.891729
REGISTROS_POR_S	1.035876
S_POR_REGISTRO	0.965367
=== rep 5 (1 hilo) ===
DISPOSITIVO	CPU
HILOS_RAYON	1
ITERACIONES	32
SEGUNDOS	30.893981
REGISTROS_POR_S	1.035800
S_POR_REGISTRO	0.965437
