=== rep 1 (8 hilos) ===
DISPOSITIVO	CPU
HILOS_RAYON	8
ITERACIONES	119
SEGUNDOS	30.019663
REGISTROS_POR_S	3.964068
S_POR_REGISTRO	0.252266
=== rep 2 (8 hilos) ===
DISPOSITIVO	CPU
HILOS_RAYON	8
ITERACIONES	151
SEGUNDOS	30.193877
REGISTROS_POR_S	5.001014
S_POR_REGISTRO	0.199959
=== rep 3 (8 hilos) ===
DISPOSITIVO	CPU
HILOS_RAYON	8
ITERACIONES	139
SEGUNDOS	30.178760
REGISTROS_POR_S	4.605888
S_POR_REGISTRO	0.217113
=== rep 4 (8 hilos) ===
DISPOSITIVO	CPU
HILOS_RAYON	8
ITERACIONES	114
SEGUNDOS	30.143629
REGISTROS_POR_S	3.781894
S_POR_REGISTRO	0.264418
=== rep 5 (8 hilos) ===
DISPOSITIVO	CPU
HILOS_RAYON	8
ITERACIONES	115
SEGUNDOS	30.153459
REGISTROS_POR_S	3.813825
S_POR_REGISTRO	0.262204
