./Cargo.lock: La suma coincide
./Cargo.toml: La suma coincide
./ci/dependencias-exactas.sh: La suma coincide
./ci/frontera-crates.sh: La suma coincide
./crates/zx-consensus/Cargo.toml: La suma coincide
./crates/zx-consensus/README.md: La suma coincide
./crates/zx-consensus/src/activacion.rs: La suma coincide
./crates/zx-consensus/src/algoritmo.rs: La suma coincide
./crates/zx-consensus/src/dificultad.rs: La suma coincide
./crates/zx-consensus/src/error.rs: La suma coincide
./crates/zx-consensus/src/fork_choice.rs: La suma coincide
./crates/zx-consensus/src/genesis.rs: La suma coincide
./crates/zx-consensus/src/lib.rs: La suma coincide
./crates/zx-consensus/src/minero_dev.rs: La suma coincide
./crates/zx-consensus/src/parametros.rs: La suma coincide
./crates/zx-consensus/src/timestamps.rs: La suma coincide
./crates/zx-consensus/src/verificador.rs: La suma coincide
./crates/zx-consensus/tests/pow_dev.rs: La suma coincide
./crates/zx-consensus/tests/verificador_pow.rs: La suma coincide
./crates/zx-core/Cargo.toml: La suma coincide
./crates/zx-core/README.md: La suma coincide
./crates/zx-core/src/address.rs: La suma coincide
./crates/zx-core/src/amount.rs: La suma coincide
./crates/zx-core/src/digest.rs: La suma coincide
./crates/zx-core/src/encoding/compact_size.rs: La suma coincide
./crates/zx-core/src/encoding/int.rs: La suma coincide
./crates/zx-core/src/encoding/mod.rs: La suma coincide
./crates/zx-core/src/error.rs: La suma coincide
./crates/zx-core/src/firma.rs: La suma coincide
./crates/zx-core/src/forma.rs: La suma coincide
./crates/zx-core/src/hash.rs: La suma coincide
./crates/zx-core/src/lib.rs: La suma coincide
./crates/zx-core/src/preimage/block.rs: La suma coincide
./crates/zx-core/src/preimage/dag.rs: La suma coincide
./crates/zx-core/src/preimage/flow.rs: La suma coincide
./crates/zx-core/src/preimage/mod.rs: La suma coincide
./crates/zx-core/src/preimage/tx.rs: La suma coincide
./crates/zx-core/src/red.rs: La suma coincide
./crates/zx-core/src/target.rs: La suma coincide
./crates/zx-core/src/tx.rs: La suma coincide
./crates/zx-core/src/wire_dag.rs: La suma coincide
./crates/zx-core/src/wire.rs: La suma coincide
./crates/zx-core/tests/cavp_sha3_256.rs: La suma coincide
./crates/zx-core/tests/ed25519_no_unicidad.rs: La suma coincide
./crates/zx-core/tests/formato_v0.rs: La suma coincide
./crates/zx-core/tests/oraculo_julia.rs: La suma coincide
./crates/zx-core/tests/parsers_dag_prop.rs: La suma coincide
./crates/zx-core/tests/vectores_dag.rs: La suma coincide
./crates/zx-dag/Cargo.toml: La suma coincide
./crates/zx-dag/README.md: La suma coincide
./crates/zx-dag/src/bloque_dag.rs: La suma coincide
./crates/zx-dag/src/dag_causal.rs: La suma coincide
./crates/zx-dag/src/error.rs: La suma coincide
./crates/zx-dag/src/ghostdag.rs: La suma coincide
./crates/zx-dag/src/identidad.rs: La suma coincide
./crates/zx-dag/src/lib.rs: La suma coincide
./crates/zx-dag/tests/dag_causal.rs: La suma coincide
./crates/zx-dag/tests/ghostdag_bench.rs: La suma coincide
./crates/zx-dag/tests/ghostdag_oraculo.rs: La suma coincide
./crates/zx-dag/tests/ghostdag_prop.rs: La suma coincide
./crates/zx-dag/tests/ghostdag_rust.rs: La suma coincide
./crates/zx-dag/tests/padres_dp08.rs: La suma coincide
./crates/zx-pot/Cargo.toml: La suma coincide
./crates/zx-pot/README.md: La suma coincide
./crates/zx-pot/rustfmt.toml: La suma coincide
./crates/zx-pot/src/aes/aarch64.rs: La suma coincide
./crates/zx-pot/src/aes.rs: La suma coincide
./crates/zx-pot/src/aes/x86_64.rs: La suma coincide
./crates/zx-pot/src/lib.rs: La suma coincide
./crates/zx-pot/src/tipos.rs: La suma coincide
./crates/zx-pot/tests/contexto_verificado.rs: La suma coincide
./crates/zx-pot/tests/diferencial.rs: La suma coincide
./crates/zx-pot/tests/vectores-nightly.txt: La suma coincide
./.github/workflows/zerox-ci.yml: La suma coincide
./rust-toolchain.toml: La suma coincide
./testdata/formato-v0/PROCEDENCIA.md: La suma coincide
./testdata/formato-v0/vectores.txt: La suma coincide
./testdata/ghostdag-rank-v1/corpus-rust.txt: La suma coincide
./testdata/ghostdag-rank-v1/kaspa-rust.txt: La suma coincide
./testdata/ghostdag-rank-v1/PROCEDENCIA.md: La suma coincide
./testdata/nist-cavp/README.md: La suma coincide
./testdata/nist-cavp/SHA3_256LongMsg.rsp: La suma coincide
./testdata/nist-cavp/SHA3_256Monte.rsp: La suma coincide
./testdata/nist-cavp/SHA3_256ShortMsg_bitoriented.rsp: La suma coincide
./testdata/nist-cavp/SHA3_256ShortMsg.rsp: La suma coincide
./testdata/vectores-cabecera-dag/PROCEDENCIA.md: La suma coincide
./testdata/vectores-cabecera-dag/vectores.txt: La suma coincide
