exportar: puntos por defecto=8192 n_aleatorios=2000 salida=resultados/vectores-transicion-v0.1.txt
  aleatorios 500/2000
  aleatorios 1000/2000
  aleatorios 1500/2000
  aleatorios 2000/2000
exportar: casos=2055 sha256=0faec4a330b0ab96052b97c919b9e7bfa9ef494c2dd8fde25f38738658aa5527 -> resultados/vectores-transicion-v0.1.sha256
exportar: dirigidos_con_error_inesperado=0
	Command being timed: "/home/katana/.julia/juliaup/julia-1.13.0+0.x64.linux.gnu/bin/julia --project=. exportar.jl --fecha 2026-09-26T03:10:14+02:00"
	User time (seconds): 3.31
	System time (seconds): 0.06
	Percent of CPU this job got: 99%
	Elapsed (wall clock) time (h:mm:ss or m:ss): 0:03.37
	Average shared text size (kbytes): 0
	Average unshared data size (kbytes): 0
	Average stack size (kbytes): 0
	Average total size (kbytes): 0
	Maximum resident set size (kbytes): 440624
	Average resident set size (kbytes): 0
	Major (requiring I/O) page faults: 0
	Minor (reclaiming a frame) page faults: 47448
	Voluntary context switches: 5
	Involuntary context switches: 57
	Swaps: 0
	File system inputs: 0
	File system outputs: 16104
	Socket messages sent: 0
	Socket messages received: 0
	Signals delivered: 0
	Page size (bytes): 4096
	Exit status: 0
