exportar-negativos: puntos=[1, 4096, 8192] salida=resultados/vectores-transicion-negativos-v0.1.txt
exportar-negativos: casos=3939 inesperados=0
exportar-negativos: sha256=9ca55abde96702f61ac0762e22f0a861d9ab0603a4090eda04ccd818eb0326ad -> resultados/vectores-transicion-negativos-v0.1.sha256
RECUENTO POR ERROR
  ErrSaldo               = 571
  ErrDobleGasto          = 306
  ErrRetiroPendiente     = 78
  ErrAutorizacion        = 240
  ErrInmaduro            = 189
  ErrEmision             = 198
  ErrOperacionFase       = 192
  ErrGarantia            = 141
  ErrNonce               = 2024
RECUENTO POR FAMILIA
  Saldo                  = 571
  DobleGasto             = 306
  RetiroPendiente        = 78
  Autorizacion           = 240
  Inmaduro               = 189
  Garantia               = 141
  Emision                = 198
  OperacionFase          = 192
  Nonce                  = 2024
RECUENTO POR FASE
  PoW                    = 1553
  PoST                   = 2386
RECUENTO POR SUBCASO (nombre -> error:cuenta)
  neg-autorizacion-deposito                    ErrAutorizacion:75
  neg-autorizacion-liberacion                  ErrAutorizacion:27
  neg-autorizacion-retiro                      ErrAutorizacion:75
  neg-autorizacion-transfer                    ErrAutorizacion:63
  neg-doblegasto-deposito-salida-gastada       ErrDobleGasto:90
  neg-doblegasto-entrada-dos-txs               ErrDobleGasto:63
  neg-doblegasto-entrada-duplicada-tx          ErrDobleGasto:63
  neg-doblegasto-salida-ya-gastada             ErrDobleGasto:90
  neg-emision-r6-coinbase-no-primera           ErrEmision:75
  neg-emision-r7-coinbase-vacia                ErrEmision:48
  neg-emision-r9-transfer-sin-entradas         ErrEmision:75
  neg-garantia-deposito-pendiente              ErrGarantia:6
  neg-garantia-sin-activo                      ErrGarantia:135
  neg-inmaduro-coinbase-inmadura-prev          ErrInmaduro:72
  neg-inmaduro-coinbase-mismo-bloque           ErrInmaduro:48
  neg-inmaduro-cruce-corte                     ErrInmaduro:24
  neg-inmaduro-deposito-mismo-bloque           ErrInmaduro:45
  neg-nonce-dos-nn                             ErrNonce:224
  neg-nonce-rep-liberacion                     ErrNonce:180
  neg-nonce-rep-retiro                         ErrNonce:404
  neg-nonce-saltado                            ErrNonce:608
  neg-nonce-viejo                              ErrNonce:608
  neg-operacionfase-evidencia                  ErrOperacionFase:48
  neg-operacionfase-evidencia-sola             ErrOperacionFase:48
  neg-operacionfase-liberacion                 ErrOperacionFase:48
  neg-operacionfase-liberacion-sola            ErrOperacionFase:48
  neg-retiropendiente-dos-en-bloque            ErrRetiroPendiente:58
  neg-retiropendiente-segunda                  ErrRetiroPendiente:20
  neg-saldo-deposito-descuadra                 ErrSaldo:63
  neg-saldo-liberacion-antes-R                 ErrSaldo:34
  neg-saldo-liberacion-mayor-vencido           ErrSaldo:54
  neg-saldo-r8-coinbasepost-cero               ErrSaldo:27
  neg-saldo-r8-deposito-cero                   ErrSaldo:75
  neg-saldo-r8-liberacion-cero                 ErrSaldo:27
  neg-saldo-r8-retiro-cero                     ErrSaldo:75
  neg-saldo-retiro-mayor-activo                ErrSaldo:90
  neg-saldo-transfer-crea-valor                ErrSaldo:63
  neg-saldo-transfer-sin-salidas               ErrSaldo:63
	Command being timed: "/home/katana/.julia/juliaup/julia-1.13.0+0.x64.linux.gnu/bin/julia --project=. exportar_negativos.jl --fecha 2026-09-26T03:10:14+02:00"
	User time (seconds): 3.65
	System time (seconds): 0.06
	Percent of CPU this job got: 99%
	Elapsed (wall clock) time (h:mm:ss or m:ss): 0:03.71
	Average shared text size (kbytes): 0
	Average unshared data size (kbytes): 0
	Average stack size (kbytes): 0
	Average total size (kbytes): 0
	Maximum resident set size (kbytes): 503612
	Average resident set size (kbytes): 0
	Major (requiring I/O) page faults: 0
	Minor (reclaiming a frame) page faults: 51620
	Voluntary context switches: 5
	Involuntary context switches: 13
	Swaps: 0
	File system inputs: 0
	File system outputs: 17720
	Socket messages sent: 0
	Socket messages received: 0
	Signals delivered: 0
	Page size (bytes): 4096
	Exit status: 0
