leidos_casos = 2055
discrepancias = 0
VEREDICTO_LECTURA = SIN DISCREPANCIAS
	Command being timed: "/home/katana/.julia/juliaup/julia-1.13.0+0.x64.linux.gnu/bin/julia --project=. src/lector_vectores.jl resultados/vectores-transicion-v0.1.txt"
	User time (seconds): 2.18
	System time (seconds): 0.05
	Percent of CPU this job got: 99%
	Elapsed (wall clock) time (h:mm:ss or m:ss): 0:02.24
	Average shared text size (kbytes): 0
	Average unshared data size (kbytes): 0
	Average stack size (kbytes): 0
	Average total size (kbytes): 0
	Maximum resident set size (kbytes): 382292
	Average resident set size (kbytes): 0
	Major (requiring I/O) page faults: 0
	Minor (reclaiming a frame) page faults: 40317
	Voluntary context switches: 3
	Involuntary context switches: 146
	Swaps: 0
	File system inputs: 0
	File system outputs: 8
	Socket messages sent: 0
	Socket messages received: 0
	Signals delivered: 0
	Page size (bytes): 4096
	Exit status: 0
