2026-09-26T02:27:00+02:00
2026-09-26T02:32:05+02:00
2026-09-26T02:32:18+02:00
2026-09-26T02:33:10+02:00
2026-09-26T02:40:29+02:00
2026-09-26T02:41:06+02:00
2026-09-26T02:42:55+02:00
2026-09-26T02:43:51+02:00
2026-09-26T02:44:15+02:00
2026-09-26T02:44:41+02:00
2026-09-26T02:45:21+02:00
2026-09-26T02:46:12+02:00
2026-09-26T02:47:00+02:00
2026-09-26T02:48:00+02:00
2026-09-26T03:27:00+02:00
2026-09-26T03:31:11+02:00
2026-09-26T03:31:29+02:00
2026-09-26T03:32:27+02:00
2026-09-26T03:33:00+02:00
2026-09-26T03:50:00+02:00
2026-09-26T03:50:00+02:00
2026-09-26T03:50:00+02:00
2026-09-26T03:53:16+02:00
2026-09-26T05:26:23+02:00  # T04-D exportar v0.3 (cabecera del fichero)
2026-09-26T05:26:49+02:00  # T04-D run.jl --replicas 200 (cabecera del log)
2026-09-26T05:29:37+02:00  # T04-D Pkg.test(), artefacto y cierre
2026-09-26T18:43:43+02:00
2026-09-26T19:13:27+02:00
2026-09-26T19:14:00+02:00  # SL-3b inicio (aprox., tras ENTRADA-SL3b 4/4 OK)
2026-09-26T19:25:50+02:00  # SL-3b cierre (tests, run.jl, vectores v0.5)
2026-09-26T23:20:14+02:00  # SL-4c-O2: código (forma v4), exportar v0.6, relectura, diferencias
2026-09-26T23:20:57+02:00  # SL-4c-O2 cierre: Pkg.test 447/447, run.jl SUPERADO, v0.6 releído, diferencias 0 fallos
2026-09-26T23:24:39+02:00  # SL-4c-O-B O2 inicio (lanzamiento; entrada congelada 3/3)
2026-09-26T23:28:59+02:00  # SL-4c-O-B exportar/relectura/diferencias/run.jl/Pkg.test (primera pasada)
2026-09-26T23:33:30+02:00  # SL-4c-O-B exportar/relectura/diferencias/Pkg.test finales
2026-09-26T23:34:33+02:00  # SL-4c-O-B cierre: Pkg.test 472/472, run.jl SUPERADO 129,7 s, v0.6 2000 casos 0 discrepancias, diferencias 0 fallos
2026-09-26T23:37:49+02:00  # SL-4c-O-C O2 inicio (lanzamiento; entrada congelada 4/4 a las 23:43:46)
2026-09-26T23:49:53+02:00  # SL-4c-O-C O2 cierre: Pkg.test 507/507, run.jl SUPERADO 94,1 s, v0.6 2108 casos 0 discrepancias, estructura 108 (minimos OK), diferencias 135/181/0; T01 mtime 23:39:41.298582413
